
 Start  Stop   Length Name               Class

 00000H 044C2H 044C3H _TEXT              CODE
 044C3H 08D34H 04872H SNS_TEXT           CODE
 08D35H 0EF25H 061F1H MOD1_TEXT          CODE
 0EF26H 187C3H 0989EH MOD2_TEXT          CODE
 187C4H 187DDH 0001AH WDT_TEXT           CODE
 187DEH 187E9H 0000CH CLOCKH_TEXT        CODE
 187EAH 18816H 0002DH CLOCKHL_TEXT       CODE
 18817H 18822H 0000CH CLOCKL_TEXT        CODE
 18823H 1882DH 0000BH LEDTOGLE_TEXT      CODE
 1882EH 1885BH 0002EH L5INIT_TEXT        CODE
 1885CH 18875H 0001AH L5SHOW_TEXT        CODE
 18876H 18891H 0001CH L5SHOWD_TEXT       CODE
 18892H 18892H 00000H LED5_VAR_TEXT      CODE
 18892H 188C7H 00036H TO__7219_TEXT      CODE
 188C8H 18A44H 0017DH DS1302_TEXT        CODE
 18A45H 18A91H 0004DH GETDATE_TEXT       CODE
 18A92H 18AC4H 00033H GETTIME_TEXT       CODE
 18AC5H 18AF8H 00034H READRAM_TEXT       CODE
 18AF9H 18BB7H 000BFH GETT_D_TEXT        CODE
 18BB8H 18D2CH 00175H SETDATE_TEXT       CODE
 18D2DH 18DBAH 0008EH SETTIME_TEXT       CODE
 18DBBH 18DE8H 0002EH WRITERAM_TEXT      CODE
 18DE9H 18DE9H 00000H SYS_VAR_TEXT       CODE
 18DE9H 18EB5H 000CDH INITLIB_TEXT       CODE
 18EB6H 18F76H 000C1H EE1MREAD_TEXT      CODE
 18F77H 19010H 0009AH EE1MWR_TEXT        CODE
 19011H 19050H 00040H EE1RDNXT_TEXT      CODE
 19051H 190D1H 00081H EE1READ_TEXT       CODE
 190D2H 1914BH 0007AH EE1WR_TEXT         CODE
 1914CH 1929BH 00150H EEP_BASE_TEXT      CODE
 1929CH 192B2H 00017H EE_DISWR_TEXT      CODE
 192B3H 192BAH 00008H EE_ENWR_TEXT       CODE
 192BBH 19438H 0017EH EE_INIT_TEXT       CODE
 19439H 194D6H 0009EH EE_MREAD_TEXT      CODE
 194D7H 19544H 0006EH EE_MWR_TEXT        CODE
 19545H 1961BH 000D7H EE_MWR2_TEXT       CODE
 1961CH 1965BH 00040H EE_RDNXT_TEXT      CODE
 1965CH 196CEH 00073H EE_READ_TEXT       CODE
 196CFH 196CFH 00000H EE_VAR_TEXT        CODE
 196CFH 19725H 00057H EE_WR_TEXT         CODE
 19726H 19785H 00060H EE_MWRL_TEXT       CODE
 19786H 197E7H 00062H FLASHER_TEXT       CODE
 197E8H 1995AH 00173H FLASHID_TEXT       CODE
 1995BH 199BAH 00060H FLASHWR_TEXT       CODE
 199BBH 199C5H 0000BH MKFP_TEXT          CODE
 199C6H 19B1CH 00157H USRTIMER_TEXT      CODE
 19B1DH 19B66H 0004AH BAUDDIV_TEXT       CODE
 19B67H 19B7EH 00018H CHKPORT_TEXT       CODE
 19B7FH 19BB6H 00038H COMINST_TEXT       CODE
 19BB7H 19BE8H 00032H COMN_TEXT          CODE
 19BE9H 19C0EH 00026H COMREST_TEXT       CODE
 19C0FH 19C37H 00029H ISCOM_TEXT         CODE
 19C38H 19C5DH 00026H READCOM_TEXT       CODE
 19C5EH 19CBEH 00061H SETBAUD_TEXT       CODE
 19CBFH 19CEAH 0002CH TOCOM_TEXT         CODE
 19CEBH 19D10H 00026H TXEMPTY_TEXT       CODE
 19D11H 19D11H 00000H UART_VAR_TEXT      CODE
 19D11H 19D36H 00026H WAIT485_TEXT       CODE
 19D37H 19D64H 0002EH CHG_DATA_TEXT      CODE
 19D65H 19EA8H 00144H C1_BAUD_TEXT       CODE
 19EA9H 1A14AH 002A2H C1_DMA_TEXT        CODE
 1A14BH 1A172H 00028H C1_ISCOM_TEXT      CODE
 1A173H 1A61EH 004ACH C1_ISR_TEXT        CODE
 1A61FH 1A62BH 0000DH C1_OE_TEXT         CODE
 1A62CH 1A69BH 00070H C1_READ_TEXT       CODE
 1A69CH 1A7EBH 00150H C1_SENDN_TEXT      CODE
 1A7ECH 1A88BH 000A0H C1_TOCOM_TEXT      CODE
 1A88CH 1A8BAH 0002FH C1_WAIT_TEXT       CODE
 1A8BBH 1A9FEH 00144H C2_BAUD_TEXT       CODE
 1A9FFH 1ACA0H 002A2H C2_DMA_TEXT        CODE
 1ACA1H 1ACC8H 00028H C2_ISCOM_TEXT      CODE
 1ACC9H 1B174H 004ACH C2_ISR_TEXT        CODE
 1B175H 1B181H 0000DH C2_OE_TEXT         CODE
 1B182H 1B1BAH 00039H C2_PRINT_TEXT      CODE
 1B1BBH 1B22AH 00070H C2_READ_TEXT       CODE
 1B22BH 1B37AH 00150H C2_SENDN_TEXT      CODE
 1B37BH 1B3AAH 00030H C2_STR_TEXT        CODE
 1B3ABH 1B44AH 000A0H C2_TOCOM_TEXT      CODE
 1B44BH 1B479H 0002FH C2_WAIT_TEXT       CODE
 1B47AH 1B567H 000EEH C3_BAUD_TEXT       CODE
 1B568H 1B6A6H 0013FH C3_COMN_TEXT       CODE
 1B6A7H 1B6C1H 0001BH C3_ISCOM_TEXT      CODE
 1B6C2H 1B6CEH 0000DH C3_OE_TEXT         CODE
 1B6CFH 1B737H 00069H C3_READ_TEXT       CODE
 1B738H 1B7FAH 000C3H C3_TOCOM_TEXT      CODE
 1B7FBH 1BEF6H 006FCH C3_UART_TEXT       CODE
 1BEF7H 1BF2BH 00035H C3_WAIT_TEXT       CODE
 1BF2CH 1C019H 000EEH C4_BAUD_TEXT       CODE
 1C01AH 1C14AH 00131H C4_COMN_TEXT       CODE
 1C14BH 1C165H 0001BH C4_ISCOM_TEXT      CODE
 1C166H 1C172H 0000DH C4_OE_TEXT         CODE
 1C173H 1C1B3H 00041H C4_READ_TEXT       CODE
 1C1B4H 1C268H 000B5H C4_TOCOM_TEXT      CODE
 1C269H 1C6E8H 00480H C4_UART_TEXT       CODE
 1C6E9H 1C71DH 00035H C4_WAIT_TEXT       CODE
 1C71EH 1C80BH 000EEH C5_BAUD_TEXT       CODE
 1C80CH 1C94AH 0013FH C5_COMN_TEXT       CODE
 1C94BH 1C965H 0001BH C5_ISCOM_TEXT      CODE
 1C966H 1C972H 0000DH C5_OE_TEXT         CODE
 1C973H 1C9DBH 00069H C5_READ_TEXT       CODE
 1C9DCH 1CA9EH 000C3H C5_TOCOM_TEXT      CODE
 1CA9FH 1D19AH 006FCH C5_UART_TEXT       CODE
 1D19BH 1D1CFH 00035H C5_WAIT_TEXT       CODE
 1D1D0H 1D2BDH 000EEH C6_BAUD_TEXT       CODE
 1D2BEH 1D3FCH 0013FH C6_COMN_TEXT       CODE
 1D3FDH 1D417H 0001BH C6_ISCOM_TEXT      CODE
 1D418H 1D424H 0000DH C6_OE_TEXT         CODE
 1D425H 1D48DH 00069H C6_READ_TEXT       CODE
 1D48EH 1D550H 000C3H C6_TOCOM_TEXT      CODE
 1D551H 1DC4CH 006FCH C6_UART_TEXT       CODE
 1DC4DH 1DC81H 00035H C6_WAIT_TEXT       CODE
 1DC82H 1DD6FH 000EEH C7_BAUD_TEXT       CODE
 1DD70H 1DEAEH 0013FH C7_COMN_TEXT       CODE
 1DEAFH 1DEC9H 0001BH C7_ISCOM_TEXT      CODE
 1DECAH 1DED6H 0000DH C7_OE_TEXT         CODE
 1DED7H 1DF3FH 00069H C7_READ_TEXT       CODE
 1DF40H 1E002H 000C3H C7_TOCOM_TEXT      CODE
 1E003H 1E6FEH 006FCH C7_UART_TEXT       CODE
 1E6FFH 1E733H 00035H C7_WAIT_TEXT       CODE
 1E734H 1E73EH 0000BH DI1_TEXT           CODE
 1E73FH 1E756H 00018H SETDO1_TEXT        CODE
 1E757H 1E760H 0000AH DI2_TEXT           CODE
 1E761H 1E778H 00018H SETDO2_TEXT        CODE
 1E779H 1E7B8H 00040H HEXASCII_TEXT      CODE
 1E7C0H 20F36H 02777H EMU_PROG           CODE
 20F40H 21507H 005C8H E87_PROG           CODE
 21510H 21510H 00000H _FARDATA           FAR_DATA
 21510H 21510H 00000H _FARBSS            FAR_BSS
 21510H 21510H 00000H _OVERLAY_          OVRINFO
 21510H 21510H 00000H _1STUB_            STUBSEG
 21510H 29CC5H 087B6H _DATA              DATA
 29CC6H 29CC9H 00004H _CVTSEG            DATA
 29CCAH 29CD5H 0000CH _SCNSEG            DATA
 29CD6H 29CD6H 00000H _CONST             CONST
 29CD6H 29CEDH 00018H _INIT_             INITDATA
 29CEEH 29CEEH 00000H _INITEND_          INITDATA
 29CEEH 29CF3H 00006H _EXIT_             EXITDATA
 29CF4H 29CF4H 00000H _EXITEND_          EXITDATA
 29CF4H 2CEF5H 03202H _BSS               BSS
 2CEF6H 2CEF6H 00000H _BSSEND            BSSEND
 2CF00H 2D00FH 00110H _STACK             STACK

  Address         Publics by Name

 2151:0000       DATASEG@
 0000:0260       DGROUP@
 1E7C:2152       e086_Entry
 1E7C:26E0       e086_Shortcut
 20F4:0306       e087_Entry
 20F4:03C6       e087_Shortcut
 20F4:0430       e087_Trap
 1914:0037       EE_BITWRITE
 1914:0117       EE_INITWRITEMODE
 1914:00C3       EE_WRITEBYTE
 0000:FE32  Abs  FIARQQ
 0000:0E32  Abs  FICRQQ
 0000:5C32  Abs  FIDRQQ
 0000:1632  Abs  FIERQQ
 0000:0632  Abs  FISRQQ
 0000:A23D  Abs  FIWRQQ
 0000:4000  Abs  FJARQQ
 0000:C000  Abs  FJCRQQ
 0000:8000  Abs  FJSRQQ
 0000:1048       FTOL@
 0000:1048       F_FTOL@
 0000:029A       F_LDIV@
 0000:02A9       F_LMOD@
 0000:02A1       F_LUDIV@
 0000:02B1       F_LUMOD@
 0000:0348       F_LXLSH@
 0000:0264       F_LXMUL@
 0000:0369       F_LXRSH@
 0000:0389       F_LXURSH@
 0000:2786       F_OVERFLOW@
 0000:1137       F_PADD@
 0000:1166       F_PSUB@
 0000:027B       F_SCOPY@
 0000:029A       LDIV@
 0000:02A9       LMOD@
 0000:02A1       LUDIV@
 0000:02B1       LUMOD@
 0000:0348       LXLSH@
 0000:0264       LXMUL@
 0000:0369       LXRSH@
 0000:0389       LXURSH@
 0000:0297       N_LDIV@
 0000:02A6       N_LMOD@
 0000:029E       N_LUDIV@
 0000:02AE       N_LUMOD@
 0000:0345       N_LXLSH@
 0000:147A       N_LXMUL@
 0000:0366       N_LXRSH@
 0000:0386       N_LXURSH@
 0000:2786       N_OVERFLOW@
 0000:1134       N_PADD@
 0000:1491       N_PCMP@
 0000:1163       N_PSUB@
 0000:14B2       N_SCOPY@
 0000:2786       OVERFLOW@
 0000:1137       PADD@
 0000:1166       PSUB@
 0000:027B       SCOPY@
 1885:000C       SHOW5DIGITLED
 1887:0006       SHOW5DIGITLEDWITHDOT
 1889:0002       WRITE_TO_7219
 0000:0249       _abort
 2151:3EE5       _adate00
 2151:B798       _adate11
 2151:9D04       _addr
 2151:9CF8       _addr0
 2151:1228       _AddrHost
 2151:3F39       _AddrSlv
 2151:4239       _AddrSlv2
 2151:4249       _AddrSlv3
 2151:127C       _adr_strt
 2151:3EDF       _ahour00
 2151:4B39       _alpha_LVL
 2151:4B5D       _alpha_Tank
 2151:1264       _amount_f
 2151:B776       _ar_str
 2151:9CC4       _ar_str0_
 1E77:0009       _ascii_to_hex
 0000:2AA1       _asctime
 0000:1074       _atexit
 0000:280D       _atoi
 0000:2798       _atol
 2151:267E       _bas_1
 2151:20E8       _baud
 2151:122C       _BaudHost
 2151:00EC       _baudrate_val
 2151:7EC7       _bCtsChanged_1
 2151:7F39       _bCtsChanged_5
 2151:7F7B       _bCtsChanged_6
 2151:7FBD       _bCtsChanged_7
 2151:4BED       _Beg_tct
 2151:B7BC       _bf_Slv
 2151:7EDE       _bGetBreak_1
 2151:7F0E       _bGetBreak_2
 2151:7E59       _bGetBreak_3
 2151:7EA1       _bGetBreak_4
 2151:7F50       _bGetBreak_5
 2151:7F92       _bGetBreak_6
 2151:7FD4       _bGetBreak_7
 2151:7F14       _bMsrChanged
 2151:7EE4       _bMsrChanged_1
 2151:7F56       _bMsrChanged_5
 2151:7F98       _bMsrChanged_6
 2151:7FDA       _bMsrChanged_7
 2151:7C52       _bNeedSetSpeed
 2151:3CA3       _Bot_time
 2151:883A       _BufferMmiPrintf
 2151:9D62       _buf_eep
 2151:B5D8       _buf_tmp
 2151:577F       _buf_tmp11
 2151:B6A8       _buf_tmpSR
 2151:A568       _buf_xyz
 2151:7ED0       _bUseXonXoff_1
 2151:7E39       _bUseXonXoff_3
 2151:7E81       _bUseXonXoff_4
 2151:7F42       _bUseXonXoff_5
 2151:7F84       _bUseXonXoff_6
 2151:7FC6       _bUseXonXoff_7
 2151:4A2F       _ButanIP
 2151:49D3       _ButanP
 2151:4863       _ButGas
 2151:48BF       _ButIGas
 2151:474F       _ButILiq
 2151:46F3       _ButLiq
 2151:7C7A       _bWrite
 2151:3CAB       _byte_timout_rtu
 2151:3F63       _byte_timout_slv
 2151:98D3       _cb_COM
 18DE:0009       _CheckCpuSpeed
 1B7F:0180       _CheckInputBufSize_1
 1CA9:0184       _CheckInputBufSize_5
 1D55:0176       _CheckInputBufSize_6
 1E00:0178       _CheckInputBufSize_7
 1B7F:016A       _CheckXonXoff_1
 1A17:00DA       _CheckXonXoff_3
 1ACC:00E0       _CheckXonXoff_4
 1CA9:016E       _CheckXonXoff_5
 1D55:0160       _CheckXonXoff_6
 1E00:0162       _CheckXonXoff_7
 2151:3C99       _chg_new
 2151:3C91       _chg_nn_par
 2151:3C95       _chg_old
 19B6:0007       _Chk_Port
 2151:1C84       _chr_id
 19EA:0224       _ClearCom_DMA_3
 1A9F:022A       _ClearCom_DMA_4
 1B7F:003E       _ClearTxBuffer_1
 1C26:001A       _ClearTxBuffer_2
 1A17:0035       _ClearTxBuffer_3
 1ACC:003B       _ClearTxBuffer_4
 1CA9:0042       _ClearTxBuffer_5
 1D55:0034       _ClearTxBuffer_6
 1E00:0036       _ClearTxBuffer_7
 187D:000E       _ClockHigh
 187E:000A       _ClockHighLow
 187E:001A       _ClockHighLow_1
 1881:0007       _ClockLow
 2151:0D91       _CLP0
 2151:0210       _CL_MassP
 2151:020A       _cl_t_c
 2151:0206       _cl_val_c
 2151:0214       _CL_VolP
 2151:41AF       _CMD_IN
 2151:421D       _CMD_OUT
 2151:422B       _CMD_OUT2
 2151:421F       _CMD_OUT_p
 2151:3F2F       _CMD_REG
 2151:2058       _cm_baud
 2151:9D0E       _cm_lgth
 2151:9D0C       _cm_parity
 2151:9D0A       _cm_stop
 2151:23CA       _cnt_after
 2151:09C9       _cnt_flt_MMI
 2151:3F3B       _cod_float
 2151:7EA8       _ComBase_1
 2151:7EEA       _ComBase_2
 2151:7F1A       _ComBase_5
 2151:7F5C       _ComBase_6
 2151:7F9E       _ComBase_7
 2151:00B0       _ComBaud
 2151:419D       _ComBaudSlv
 2151:423B       _ComBaudSlv2
 2151:424B       _ComBaudSlv3
 2151:7E41       _ComData7_3
 2151:7E89       _ComData7_4
 2151:7EAE       _ComErr_1
 2151:7EF0       _ComErr_2
 2151:7F20       _ComErr_5
 2151:7F62       _ComErr_6
 2151:7FA4       _ComErr_7
 2151:7ED1       _ComFcr_1
 2151:7F01       _ComFcr_2
 2151:7F43       _ComFcr_5
 2151:7F85       _ComFcr_6
 2151:7FC7       _ComFcr_7
 2151:7ED6       _ComInCount_1
 2151:7F06       _ComInCount_2
 2151:7F48       _ComInCount_5
 2151:7F8A       _ComInCount_6
 2151:7FCC       _ComInCount_7
 2151:7EDA       _ComOutCount_1
 2151:7F0A       _ComOutCount_2
 2151:7F4C       _ComOutCount_5
 2151:7F8E       _ComOutCount_6
 2151:7FD0       _ComOutCount_7
 2151:4693       _CompG
 2151:1230       _ComPortEcho
 2151:122A       _ComPortHost
 2151:3F37       _ComPortSlv
 2151:4237       _ComPortSlv2
 2151:4247       _ComPortSlv3
 2151:4687       _Composition
 2151:468B       _ComposMass
 2151:468F       _ComposMol
 2151:4651       _Compos_rcv
 2151:00E2       _ComProt
 2151:466B       _Comp_kor
 2151:40DF       _Com_Baud_Slave
 2151:434F       _Com_Baud_Slave2
 2151:4353       _Com_Baud_Slave3
 2151:00C4       _Com_lgth
 2151:41A1       _Com_lgthSlv
 2151:423F       _Com_lgthSlv2
 2151:424F       _Com_lgthSlv3
 2151:00CE       _Com_parity
 2151:41A3       _Com_paritySlv
 2151:4241       _Com_paritySlv2
 2151:4251       _Com_paritySlv3
 2151:95E6       _COM_que
 2151:00D8       _Com_stop
 2151:41A5       _Com_stopSlv
 2151:4243       _Com_stopSlv2
 2151:4253       _Com_stopSlv3
 2151:1260       _cost_v
 0EF2:416C       _crc16
 2151:3B1A       _CRC_err
 2151:9D02       _CRC_flag
 2151:1232       _CRC_flag_Echo
 0000:2ACC       _ctime
 2151:3AD8       _ctr_msk
 2151:7EC3       _CurCTS_1
 2151:7F35       _CurCTS_5
 2151:7F77       _CurCTS_6
 2151:7FB9       _CurCTS_7
 2151:B8FA       _CurMsr
 2151:B8F8       _CurMsr_1
 2151:B910       _CurMsr_5
 2151:B91C       _CurMsr_6
 2151:B928       _CurMsr_7
 2151:7EC5       _CurRTS_1
 2151:7F37       _CurRTS_5
 2151:7F79       _CurRTS_6
 2151:7FBB       _CurRTS_7
 2151:0218       _D1_eee
 2151:0230       _D1_eee_c
 2151:0220       _D2_eee
 2151:0238       _D2_eee_c
 2151:0228       _D3_eee
 2151:0240       _D3_eee_c
 19EA:01E8       _DataSizeInCom_DMA_3
 1A9F:01EE       _DataSizeInCom_DMA_4
 2151:87A8       _daylight
 2151:01FA       _dd_max
 2151:01FE       _dd_min
 2151:957A       _dd_time
 2151:467B       _Density
 2151:9D4A       _DensLiq
 2151:0EB5       _Dens_a
 2151:0EAD       _Dens_AD
 2151:4641       _DenTotal
 2151:23A6       _dim_xyz
 2151:4507       _Dns1
 2151:450F       _Dns2
 2151:4517       _Dns3
 2151:0E97       _do1_t
 2151:0E99       _do2_t
 2151:7ED2       _DoInputData_1
 2151:7F02       _DoInputData_2
 2151:7F44       _DoInputData_5
 2151:7F86       _DoInputData_6
 2151:7FC8       _DoInputData_7
 2151:1E16       _dsc_tmp
 2151:2430       _ds_ag
 2151:2492       _ds_agp
 2151:198E       _ds_al
 2151:193A       _ds_at
 2151:1C98       _ds_bid
 2151:1F78       _ds_br
 2151:205C       _ds_cm
 2151:2274       _ds_com
 2151:1FB0       _ds_cp
 2151:1CF0       _ds_de
 2151:2094       _ds_dev
 2151:1822       _ds_dm
 2151:2124       _ds_dnm
 2151:214E       _ds_dtc
 2151:2282       _ds_echo
 2151:1E50       _ds_flch
 2151:1E26       _ds_fle
 2151:22A0       _ds_fls
 2151:2310       _ds_fls2
 2151:2356       _ds_fls3
 2151:2404       _ds_fvar
 2151:1A9A       _ds_gn
 2151:18BC       _ds_hm
 2151:1CC2       _ds_id
 2151:1DEC       _ds_io
 2151:1DD0       _ds_ioch
 2151:23F4       _ds_ivar
 2151:216A       _ds_lim
 2151:3C81       _ds_list
 2151:0248       _ds_list1
 2151:18A0       _ds_mki
 2151:1868       _ds_mko
 2151:1884       _ds_mks
 2151:20EC       _ds_mod
 2151:24AE       _ds_ns
 2151:19E2       _ds_off
 2151:17B8       _ds_par
 2151:180C       _ds_pass
 2151:1E34       _ds_pda
 2151:1EDE       _ds_pdda
 2151:1EEE       _ds_pddl
 2151:1F08       _ds_pddp
 2151:1ED0       _ds_pdl
 2151:1F6A       _ds_pdn
 2151:1AE0       _ds_PMP
 2151:1B88       _ds_PMPa
 2151:1BB2       _ds_PMPo
 2151:1C16       _ds_rmvd
 2151:1830       _ds_scan
 2151:2020       _ds_sct
 2151:22CA       _ds_slv
 2151:232C       _ds_slv2
 2151:2372       _ds_slv3
 2151:1A60       _ds_str
 2151:1FE8       _ds_trtu
 2151:2414       _ds_var
 2151:2266       _ds_wins
 2151:1C36       _ds_wmvd
 2151:1C52       _ds_wmvds
 2151:1CD4       _ds_wmvf
 2151:17F0       _ds_zp
 2151:B7AC       _D_Etan
 2151:B7B0       _D_Etan100
 2151:3F25       _d_fl_offs
 2151:3F23       _d_fl_seg
 2151:1EEC       _d_lst
 2151:0EA3       _D_ref
 2151:1222       _EchoComN
 18EB:0006       _EE1024_MultiRead
 18F7:0007       _EE1024_MultiWrite
 1905:0001       _EE1024_RandomRead
 190D:0002       _EE1024_RandomWrite
 1901:0001       _EE1024_ReadNext
 2151:7C6A       _EE1_MultiRead
 2151:7C72       _EE1_MultiWrite
 2151:7C62       _EE1_RandomRead
 2151:7C6E       _EE1_RandomWrite
 2151:7C66       _EE1_ReadNext
 2151:269A       _eee_num
 2151:7C80       _EepAddrOffset
 2151:7C7E       _EepBlockOffset
 2151:A564       _Eeprom_summ
 2151:7C7C       _EepType
 2151:7C5E       _EE_ClockHighLow
 2151:26AA       _EE_Dat
 2151:7C78       _EE_Err
 2151:269C       _ee_lgth_byte
 2151:2DB2       _ee_members
 1943:0009       _EE_MultiRead
 1972:0036       _EE_MultiRead_L
 194D:0007       _EE_MultiWrite
 1954:0005       _EE_MultiWrite_A
 1972:0006       _EE_MultiWrite_L
 2151:9CF2       _ee_nn
 2151:9CEE       _ee_nn1
 1965:000C       _EE_RandomRead
 196C:000F       _EE_RandomWrite
 1914:008E       _EE_ReadAck
 1914:00EA       _EE_ReadByte
 1961:000C       _EE_ReadNext
 1914:00AC       _EE_SendAck
 1914:0059       _EE_Start
 1914:007C       _EE_Stop
 2151:9CC0       _ee_tmp
 2151:9CBC       _ee_tmp1
 192B:0003       _EE_WriteEnable
 1929:000C       _EE_WriteProtect
 2151:011E       _EmptPage
 2151:85A2       _environ
 2151:95AC       _en_bot
 0000:3192       _eof
 2151:007F       _errno
 2151:7E3A       _err_3
 2151:7E82       _err_4
 2151:47AB       _EtanGas
 2151:491B       _EtanP
 0000:10F9       _exit
 0000:22BB       _farfree
 0000:23CF       _farmalloc
 0000:2533       _farrealloc
 2151:7C84       _fCheck
 2151:0EBD       _FctBern
 2151:7EBF       _fCtsControlMode_1
 2151:7F31       _fCtsControlMode_5
 2151:7F73       _fCtsControlMode_6
 2151:7FB5       _fCtsControlMode_7
 2151:1E22       _fct_delay
 2151:1E1E       _fct_offs
 0000:1380       _feof
 0000:138F       _ferror
 044C:38E1       _ffgets_com_ICP
 0EF2:9706       _ffgets_com_PMP
 0EF2:4005       _ffgets_com_rtu
 08D3:0965       _ffgets_host
 08D3:01B1       _ffgets_no_com_ICP
 0EF2:6ADB       _ffgets_Slv2RTU
 0EF2:5F9F       _ffgets_SlvRTU
 0000:3209       _fflush
 2151:01CE       _ff_answ_com
 2151:01E2       _ff_answ_flt
 2151:01BA       _ff_gets_com
 2151:9CFA       _FF_par
 2151:168A       _ff_putch
 2151:01B6       _ff_serv
 2151:0EC5       _ff_serv_N
 2151:3F2B       _ff_Slv
 2151:4231       _ff_Slv2
 0EF2:6785       _ff_we_slv
 0000:355C       _fgetc
 0000:364A       _fgetchar
 2151:269E       _fict_ftmp
 2151:26A6       _fict_int1
 2151:26A2       _fict_itmp
 2151:0D7B       _fict_long
 2151:0E53       _fict_npn
 2151:26A4       _fict_sv
 2151:41C9       _FlagNewDT
 2151:014C       _FlagWinSum
 2151:4665       _flag_20C
 2151:0EAB       _flag_AD
 2151:3AD6       _Flag_bot
 2151:3C7B       _flag_chg
 2151:123A       _flag_Deb
 2151:1238       _flag_echo_host
 2151:2698       _flag_en_er
 2151:09C7       _flag_fn
 2151:009A       _flag_fst_gun
 2151:3AC0       _Flag_f_corr
 2151:014E       _flag_H
 2151:123C       _flag_host_send
 2151:26A8       _flag_Hst
 2151:3CA9       _flag_Hst_1
 2151:3AC2       _flag_mass
 2151:4C15       _flag_maxV
 2151:2520       _flag_print_licp
 2151:0144       _flag_prn
 2151:4221       _Flag_rd_cmd
 2151:3F31       _flag_Slv
 2151:4235       _flag_Slv2
 2151:4245       _flag_Slv3
 2151:3F5F       _flag_slvrtu
 2151:3CA7       _flag_Slv_1
 197E:001E       _FlashCmd
 1978:0006       _FlashErase
 2151:7C88       _FlashId
 197E:010B       _FlashReadId
 197E:0037       _FlashResetToReadMode
 2151:7C8A       _FlashSize
 197E:0008       _FlashUnlock
 1995:000B       _FlashWrite
 2151:3EC5       _flash_offset
 2151:AD38       _Flash_ptr
 2151:3EC3       _flash_seg
 2151:9D18       _fle
 2151:3ABE       _flg_ch
 0000:32D6       _flushall
 2151:3A82       _fl_bl_out
 2151:4CDF       _Fl_ch_mm
 2151:0C91       _FL_err
 2151:1C7C       _fl_id
 2151:1C80       _fl_id1
 2151:0094       _fl_inv_out
 2151:08AD       _fl_mmi_new
 2151:08AF       _fl_mmi_new1
 2151:3F61       _fl_slv_out
 2151:23A0       _fl_trace
 2151:23A8       _fl_trace_loop
 2151:229E       _fl_wr_eee
 2151:3A8C       _fl_zeroing
 2151:08C9       _fn_MMI
 2151:08BD       _font_arr
 0000:3318       _fprintf
 0000:3749       _fputc
 0000:38DC       _fputchar
 0000:22BB       _free
 2151:7EC1       _fRtsControlMode_1
 2151:7F33       _fRtsControlMode_5
 2151:7F75       _fRtsControlMode_6
 2151:7FB7       _fRtsControlMode_7
 0000:33B6       _fseek
 044C:2564       _fstin
 2151:8838       _fst_beg
 2151:09D3       _fst_in_n
 2151:09D1       _fst_n
 2151:988C       _fst_str
 0000:3436       _ftell
 2151:3A7A       _ftmp_DP
 0EF2:5BB4       _fun_tim_u
 08D3:02C8       _f_123
 044C:2DF3       _f_7060
 044C:3830       _f_7060_Flt
 044C:330D       _f_7060_rd
 0EF2:3E2F       _f_after_MMI
 0EF2:689B       _f_alm_stop
 08D3:1E1A       _f_ans_Licp_cfg
 08D3:1F33       _f_ans_Licp_Flt
 0EF2:6974       _f_Baud_slv
 0EF2:76F4       _f_Baud_slv2
 0EF2:3E13       _f_before_MMI
 08D3:276B       _f_bridge_24
 08D3:27C9       _f_bridge_34
 0EF2:68EB       _f_CE_slv
 044C:3A5F       _f_check_crc_ICP
 0EF2:9606       _f_check_crc_PMP
 0EF2:41D9       _f_check_crc_RTU
 08D3:2876       _f_check_id
 0EF2:40D0       _f_chg_toRTU
 08D3:6016       _f_chk_EEE_CRC
 044C:1E32       _f_clr_scr_c_MMI
 044C:1DE9       _f_clr_scr_MMI
 044C:3D77       _f_cl_error
 0EF2:76E0       _f_cmd2_prn
 0EF2:6960       _f_cmd_prn
 0EF2:7891       _f_cnt_totals
 0EF2:8DEB       _f_count_tank
 044C:06E9       _f_cycle
 044C:0750       _f_cycle0
 044C:0782       _f_cycle1
 044C:01A8       _f_cycle_cmn
 0EF2:06E8       _f_disp_error
 08D3:0EC7       _f_dis_set
 08D3:2827       _f_dnum
 08D3:24BA       _f_drv_list
 0EF2:0A04       _f_drv_list_MMI
 0EF2:0AE7       _f_drv_stat_MMI
 0EF2:018A       _f_dsp_res
 0EF2:0006       _f_d_ESC
 08D3:5EE4       _f_ee_num_init
 044C:100F       _f_empty
 08D3:0489       _f_empty_ans_echo
 08D3:1DDE       _f_empty_ans_Licp
 044C:3A0B       _f_empty_gets
 0EF2:66F5       _f_fls
 0EF2:767C       _f_fls2
 0EF2:5E58       _f_free_SlvBuf
 0EF2:4C68       _f_get_astr
 0EF2:7AB1       _f_get_composition
 0EF2:5B8A       _f_get_dat_n
 0EF2:5AA0       _f_get_dat_s
 0EF2:7A0B       _f_get_dens
 0EF2:7C2E       _f_get_Dns
 0EF2:5617       _f_get_d_dat
 0EF2:52CE       _f_get_flash_p
 044C:43DA       _f_get_float
 0EF2:97F8       _f_get_float_PMP
 0EF2:4D6D       _f_get_fst_stor
 044C:3D34       _f_get_icp_error
 044C:4800       _f_get_int
 044C:483B       _f_get_intS
 044C:477B       _f_get_long
 0EF2:9866       _f_get_long_PMP
 0EF2:4E05       _f_get_lst_stor
 0EF2:43F1       _f_get_max_n_arch
 08D3:256A       _f_get_mod_str
 044C:0003       _f_get_nb
 0EF2:53DD       _f_get_next_seg
 0EF2:61A5       _f_get_numRTU2
 0EF2:61ED       _f_get_numRTU7
 0EF2:5449       _f_get_nxt_seg
 0EF2:82DB       _f_get_PD_Etan
 0EF2:7D63       _f_get_pressCT
 0EF2:7F5B       _f_get_pressDT
 0EF2:547A       _f_get_prev_seg
 0EF2:5C57       _f_get_SlvBuf
 0EF2:552B       _f_get_time
 0EF2:55A6       _f_get_time_t
 0EF2:83C6       _f_get_vol
 08D3:5E83       _f_get_wrd
 08D3:0397       _f_host
 044C:3B86       _f_icp_error
 044C:3C63       _f_icp_errS
 08D3:2707       _f_icp_hlp
 044C:40FE       _f_ik
 08D3:0DDE       _f_inhex
 044C:31CC       _f_init_7060
 044C:4162       _f_init_mki
 08D3:0BCB       _f_innum
 044C:431F       _f_inp7188
 08D3:2B48       _f_intr
 0EF2:6D6E       _f_intr_Slv2RTU
 0EF2:6233       _f_intr_SlvRTU
 0EF2:66D0       _f_int_fnc
 0EF2:75E7       _f_int_fnc2
 08D3:0A7B       _f_inw
 0EF2:6694       _f_is_float
 0EF2:75AB       _f_is_float2
 0EF2:6668       _f_is_int
 0EF2:757F       _f_is_int2
 08D3:0E6E       _f_lim
 08D3:19C9       _f_look_ICP
 08D3:1F57       _f_look_RTU
 08D3:5D53       _f_menu
 0EF2:16A2       _f_menu_MMI
 044C:1B7F       _f_MMI
 044C:23C9       _f_mmi_err
 044C:23DF       _f_MMI_Flt
 044C:247E       _f_MMI_KBD_ans
 044C:241B       _f_MMI_SetAns
 08D3:25EE       _f_mod_list
 0EF2:0BD9       _f_mod_list_MMI
 2151:23C0       _f_ns
 08D3:1682       _f_ns_count
 2151:2402       _f_num_var
 044C:1102       _f_one_sec
 0EF2:0030       _f_paged3
 0EF2:8FBE       _f_PMP
 0EF2:9503       _f_PMP_Flt
 0EF2:921D       _f_PMP_rd
 044C:3AE0       _f_prepare7000
 0EF2:423C       _f_prepareRTU
 0EF2:429B       _f_prepareRTU1
 0EF2:4EEA       _f_prepare_evt
 0EF2:95BB       _f_prepare_PMP
 0EF2:5548       _f_prepare_t
 0EF2:8D5E       _f_prep_VM
 0EF2:4484       _f_print_a_str
 044C:10B5       _f_print_dd
 0EF2:5992       _f_print_d_str
 08D3:22A4       _f_print_que
 0EF2:44BB       _f_print_str_a
 0EF2:0045       _f_prn_begin
 0EF2:056F       _f_prn_CRC_error
 0EF2:0665       _f_prn_error
 0EF2:0084       _f_prn_ID
 0EF2:0D31       _f_prn_mmi_a
 0EF2:05ED       _f_prn_proc
 0EF2:0144       _f_prn_slv1
 08D3:0445       _f_prompt
 044C:3FBD       _f_queue_chk
 044C:3E03       _f_queue_clr
 044C:4086       _f_queue_Flt
 044C:4008       _f_queue_free
 044C:3DDF       _f_queue_init
 044C:3F31       _f_queue_put
 044C:1602       _f_rd_Dns
 08D3:610B       _f_rd_eee
 0EF2:8BE9       _f_rd_tct
 08D3:5B9D       _f_rep
 08D3:1C7C       _f_result_Licp
 08D3:210A       _f_result_Licp_RTU
 2151:2686       _f_res_id
 044C:1E5D       _f_rev_scr_MMI
 0EF2:68C8       _f_rst_slv
 08D3:03E6       _f_send_to_Host
 08D3:08BD       _f_send_to_Host_rtu
 08D3:04C0       _f_send_to_Host_sk
 044C:4397       _f_sens
 044C:458A       _f_set_float
 044C:46FB       _f_set_int
 044C:4727       _f_set_long
 0EF2:77AF       _f_set_slv
 0EF2:6A0F       _f_Slave2RTU
 0EF2:6A75       _f_Slave3RTU
 0EF2:5C2E       _f_SlaveRTU
 0EF2:8D2D       _f_slaves
 0EF2:67AC       _f_start_dlv
 0EF2:685B       _f_stop_dlv
 0EF2:6913       _f_Stop_Pmp
 044C:1A3F       _f_store_dt
 0EF2:5EFE       _f_stor_Slv
 044C:2DE3       _f_tbl_1
 044C:0FD3       _f_timer
 044C:1025       _f_time_dd
 044C:41BB       _f_var_i
 08D3:0005       _f_WDOG
 08D3:0253       _f_WD_end
 0EF2:675F       _f_WE_slv
 0EF2:778F       _f_WE_slv2
 08D3:5F12       _f_wrt_eee
 0EF2:4330       _f_wr_astr
 044C:1832       _f_wr_Dns
 0EF2:42FB       _f_wr_evt
 0EF2:854D       _f_wr_tct
 0EF2:8B5E       _f_zer_tct
 0000:12C6       _getc
 0000:12F7       _getchar
 044C:0143       _getch_host
 18A4:0005       _GetDate
 1E73:0004       _GetDi1
 1E75:0007       _GetDi2
 0000:3656       _getenv
 1C26:00C2       _GetInputBufFreeSize
 1B7F:00E6       _GetInputBufFreeSize_1
 1CA9:00EA       _GetInputBufFreeSize_5
 1D55:00DC       _GetInputBufFreeSize_6
 1E00:00DE       _GetInputBufFreeSize_7
 18A9:0002       _GetTime
 18AF:0009       _GetTimeDate
 1B7F:0057       _GetTxBufferFreeSize_1
 1C26:0033       _GetTxBufferFreeSize_2
 1A17:0041       _GetTxBufferFreeSize_3
 1ACC:0047       _GetTxBufferFreeSize_4
 1CA9:005B       _GetTxBufferFreeSize_5
 1D55:004D       _GetTxBufferFreeSize_6
 1E00:004F       _GetTxBufferFreeSize_7
 18A4:0037       _GetWeekDay
 0EF2:54AB       _get_vdate
 2151:01AA       _ghj
 0000:2A52       _gmtime
 2151:7FDE       _hex_to_ascii
 2151:1280       _Host
 2151:12C4       _Host_Rqst
 2151:1368       _Host_Rqst_rtu
 2151:140C       _Host_Rqst_sk
 2151:1680       _host_wd_sw
 2151:4BC9       _H_Cyl_M
 2151:09D5       _I7060
 2151:8808       _i7060it
 2151:0BFF       _I7060_fl
 2151:0BA5       _i7060_fn
 2151:95D2       _i7060_inp
 2151:95DE       _i7060_inph
 2151:95E2       _i7060_inpl
 2151:0BBB       _i7060_inp_err
 2151:95D6       _i7060_out
 2151:95CE       _i7060_outc
 2151:0BB7       _i7060_out_err
 2151:0A5D       _I7060_Rqst
 2151:0BBF       _i7060_seq
 2151:0BB1       _i7060_sw
 2151:95DA       _i7060_wdf
 2151:0BA9       _I7060_wd_E
 2151:0BAD       _I7060_wd_VV
 2151:0C1B       _ICP_dd
 2151:0C51       _ICP_error
 2151:0C71       _ICP_error_c
 2151:0C93       _ICP_fict
 2151:0C4F       _icp_lst_max
 2151:AD40       _ICP_MOD
 2151:252C       _ICP_mod_fnd
 2151:9CEA       _id_i3
 2151:268A       _id_ok
 2151:41B3       _ii_LVL
 2151:B6A6       _ii_ret
 2151:7E1E       _In7188Buf_3
 2151:7E66       _In7188Buf_4
 2151:7E2A       _InBeginIdx_3
 2151:7E72       _InBeginIdx_4
 2151:7EB7       _InBufSize_1
 2151:7EF9       _InBufSize_2
 2151:7E26       _InBufSize_3
 2151:7E6E       _InBufSize_4
 2151:7F29       _InBufSize_5
 2151:7F6B       _InBufSize_6
 2151:7FAD       _InBufSize_7
 2151:7EAF       _InData_1
 2151:7EF1       _InData_2
 2151:7F21       _InData_5
 2151:7F63       _InData_6
 2151:7FA5       _InData_7
 2151:7E2C       _InEndIdx_3
 2151:7E74       _InEndIdx_4
 2151:7EAA       _InInIdx_1
 2151:7EEC       _InInIdx_2
 2151:7F1C       _InInIdx_5
 2151:7F5E       _InInIdx_6
 2151:7FA0       _InInIdx_7
 1882:000E       _Init5DigitLed
 192B:000B       _InitEEPROM
 18DE:00C4       _InitLib
 044C:1325       _init_win_sum
 2151:7EAC       _InOutIdx_1
 2151:7EEE       _InOutIdx_2
 2151:7F1E       _InOutIdx_5
 2151:7F60       _InOutIdx_6
 2151:7FA2       _InOutIdx_7
 2151:0E95       _INP_7188
 2151:0096       _INP_inv
 2151:0DB7       _INP_MSK_OK
 2151:0DB9       _INP_MSK_OK_L
 2151:1236       _INP_VAR
 2151:4229       _INP_VAR2
 2151:0098       _INP_VARi
 2151:0DB5       _INP_VARi0
 2151:0DB3       _INP_VAR_c
 19B7:000F       _InstallCom
 1B7F:0158       _InstallComInputData_1
 1C26:010E       _InstallComInputData_2
 1A17:00C8       _InstallComInputData_3
 1ACC:00CE       _InstallComInputData_4
 1CA9:015C       _InstallComInputData_5
 1D55:014E       _InstallComInputData_6
 1E00:0150       _InstallComInputData_7
 2151:7CB8       _InstallCom_
 1B7F:04FF       _InstallCom_1
 1C26:02AA       _InstallCom_2
 1A17:02DA       _InstallCom_3
 1ACC:02E0       _InstallCom_4
 1CA9:0503       _InstallCom_5
 1D55:04F5       _InstallCom_6
 1E00:04F7       _InstallCom_7
 19EA:00A9       _InstallCom_DMA_3
 1A9F:00AF       _InstallCom_DMA_4
 199C:012B       _InstallUserTimerFunction_ms
 199C:00D4       _InstallUserTimerFunction_us
 2151:169E       _intrpr
 2151:7C40       _IntVect
 2151:0DDF       _int_fict_11
 2151:0DBD       _inv_msk
 0000:11DF       _isalnum
 0000:1204       _isalpha
 0000:11F1       _isascii
 0000:139E       _isatty
 0000:1216       _iscntrl
 19C0:0012       _IsCom
 1B6C:0002       _IsComOutBufEmpty_1
 1C16:0006       _IsComOutBufEmpty_2
 1A61:000F       _IsComOutBufEmpty_3
 1B17:0005       _IsComOutBufEmpty_4
 1C96:0006       _IsComOutBufEmpty_5
 1D41:0008       _IsComOutBufEmpty_6
 1DEC:000A       _IsComOutBufEmpty_7
 2151:7D18       _IsCom_
 1B6A:0007       _IsCom_1
 1C14:000B       _IsCom_2
 1A14:000B       _IsCom_3
 1ACA:0001       _IsCom_4
 1C94:000B       _IsCom_5
 1D3F:000D       _IsCom_6
 1DEA:000F       _IsCom_7
 19EA:0243       _IsCom_DMA_3
 1A9F:0249       _IsCom_DMA_4
 0000:1228       _isdigit
 0000:123A       _isgraph
 18BB:0008       _IsLeapYear
 0000:1253       _islower
 0000:1265       _isprint
 0000:127E       _ispunct
 0000:1290       _isspace
 19CE:000B       _IsTxBufEmpty
 2151:7DB8       _IsTxBufEmpty_
 1BEF:0007       _IsTxBufEmpty_1
 1C6E:0009       _IsTxBufEmpty_2
 1A88:000C       _IsTxBufEmpty_3
 1B44:000B       _IsTxBufEmpty_4
 1D19:000B       _IsTxBufEmpty_5
 1DC4:000D       _IsTxBufEmpty_6
 1E6F:000F       _IsTxBufEmpty_7
 0000:12A2       _isupper
 0000:12B4       _isxdigit
 2151:8806       _itmp7060
 2151:95A6       _itt1
 2151:95A4       _itt2
 2151:95A2       _itt3
 2151:95A0       _itt4
 2151:87E4       _iv_msk
 2151:957E       _i_empty
 2151:95AA       _i_ish
 2151:41B1       _i_LVL
 2151:23A2       _i_nn
 2151:239C       _i_nn_d
 2151:23F2       _i_num_var
 2151:3C8D       _k_ext
 2151:3C8F       _k_ext1
 2151:0E9B       _K_mul_F
 2151:B7A0       _k_mv_tmp
 2151:3ACA       _k_m_flow
 2151:3AC6       _k_v_flow
 2151:3F3F       _Last_evt
 2151:0150       _last_out
 1882:0003       _LedToggle
 2151:AD3E       _licp_addr
 2151:2526       _licp_amax
 2151:2528       _licp_crc_flag
 2151:AD3C       _licp_fnd
 2151:2522       _licp_port
 2151:2536       _LICP_Rqst
 2151:25DA       _LICP_Rqst_RTU
 2151:251E       _licp_sw
 2151:252A       _licp_t_conf
 2151:41C5       _LIn_val
 2151:3B2E       _list1_dsr
 2151:268C       _list_mnu
 2151:23D4       _list_ns
 2151:23E8       _list_ns_type
 2151:1274       _list_pt
 2151:42CF       _list_Slv2_flt
 2151:4267       _list_Slv2_int
 2151:4357       _list_Slv2_lng
 2151:3FBB       _list_Slv_flt
 2151:3F6B       _list_Slv_int
 2151:40E7       _list_Slv_lng
 2151:3AFE       _list_un_mmi
 2151:9CE6       _lng_chr
 0000:2A6B       _localtime
 19B1:000D       _LongDiv
 2151:40E3       _long_slv
 2151:7E8F       _LossCnt_0_4
 2151:7E4B       _LossCnt_1_3
 2151:7E93       _LossCnt_1_4
 2151:7E4F       _LossCnt_2_3
 2151:7E97       _LossCnt_2_4
 2151:7E47       _LossCnt__3
 0000:1451       _lseek
 2151:7EE6       _LsrError_1
 2151:7F16       _LsrError_2
 2151:7F58       _LsrError_5
 2151:7F9A       _LsrError_6
 2151:7FDC       _LsrError_7
 2151:B7C0       _ltime
 2151:B7C4       _ltime0
 2151:958C       _ltt1
 2151:9588       _ltt2
 2151:9584       _ltt3
 2151:9580       _ltt4
 2151:4C11       _lvl_mm
 2151:4D29       _Lvl_offs
 2151:4CDB       _lvl_rab
 044C:07CD       _main
 0000:23C5       _malloc
 2151:4649       _MassGRK
 2151:3A84       _MassStamp
 2151:4639       _MassTotal
 2151:4201       _Mass_kd
 2151:7C20       _MaxDay
 2151:0824       _max_list1
 2151:3C7F       _max_par
 2151:3F0F       _mdat
 2151:3EFD       _mdat0
 0000:36C6       _memcpy
 0000:370E       _memset
 2151:181E       _mem_ptr
 2151:3EEB       _mhour00
 0000:2C75       _mktime
 2151:08CB       _MMI
 044C:1FD7       _MmiCursorOff
 044C:1B40       _MmiGetch
 044C:1FF4       _MmiGotoxy
 044C:1B24       _MmiKbhit
 2151:88BA       _mmikey
 2151:084B       _mmikeycode
 044C:20D6       _MmiPrintf
 044C:2014       _MmiPutch
 044C:2051       _MmiPuts
 044C:1FBA       _MmiShowCursor
 2151:08C5       _mmix
 2151:08C7       _mmiy
 2151:3C79       _mmi_com
 2151:3C71       _mmi_flag
 2151:0118       _MMI_inp_err
 2151:09CB       _mmi_key_in
 2151:09CD       _mmi_key_out
 2151:011A       _MMI_out_err
 2151:3C6E       _mmi_point
 2151:3C6F       _mmi_prm
 2151:090F       _MMI_Rqst
 2151:3C77       _mmi_str
 2151:98AB       _MMI_str
 2151:08AB       _mmi_sw
 2151:084A       _mn_fnt
 2151:3A7E       _mode_hst
 2151:3B1C       _mode_prn
 044C:1F5B       _MoveToXY
 2151:0C03       _msk4
 2151:0C13       _msk8
 2151:0E2D       _msk_ik
 2151:123E       _msk_int
 2151:9D1A       _mvd
 2151:1C0E       _mvd_reg_n
 2151:1C12       _mvd_reg_q
 2151:4677       _M_Butan
 2151:466F       _M_Etan
 2151:4673       _M_Propan
 2151:7ECE       _NeedXoff_1
 2151:7E37       _NeedXoff_3
 2151:7E7F       _NeedXoff_4
 2151:7F40       _NeedXoff_5
 2151:7F82       _NeedXoff_6
 2151:7FC4       _NeedXoff_7
 2151:41CD       _New_Dens1
 2151:41E5       _New_Dens1c
 2151:41D5       _New_Dens2
 2151:41ED       _New_Dens2c
 2151:41DD       _New_Dens3
 2151:41F5       _New_Dens3c
 2151:41D1       _New_Temp1
 2151:41E9       _New_Temp1c
 2151:41D9       _New_Temp2
 2151:41F1       _New_Temp2c
 2151:41E1       _New_Temp3
 2151:41F9       _New_Temp3c
 2151:08B5       _nm_stamp
 2151:08B9       _nm_time
 2151:9CF6       _nn
 2151:3C7D       _nn_chg
 2151:41AB       _nn_comb
 2151:1A98       _nn_rsv
 2151:23D0       _ns_fict
 2151:23CC       _ns_fictf
 19C0:000F       _NullIsCom
 2151:020E       _num_clp_sv
 2151:0D93       _num_in1
 2151:0DA5       _num_in10
 2151:0DA7       _num_in11
 2151:0DA9       _num_in12
 2151:0DAB       _num_in13
 2151:0DAD       _num_in14
 2151:0DAF       _num_in15
 2151:0D95       _num_in2
 2151:0D97       _num_in3
 2151:0D99       _num_in4
 2151:0D9B       _num_in5
 2151:0D9D       _num_in6
 2151:0D9F       _num_in7
 2151:0DA1       _num_in8
 2151:0DA3       _num_in9
 2151:4AFF       _num_out1
 2151:4B01       _num_out2
 2151:0D85       _num_out3
 2151:0D87       _num_out4
 2151:0D89       _num_out5
 2151:0D8B       _num_out6
 2151:0D8D       _num_out7
 2151:0D8F       _num_out8
 2151:3C73       _num_page
 2151:0E55       _num_pnt
 2151:3C9D       _n_adc_mm
 2151:01AC       _n_bcom
 2151:9D16       _n_beg
 2151:9D12       _n_dnn
 2151:9D14       _n_end
 2151:3F35       _n_GRK_a
 2151:2682       _n_id
 2151:1ECE       _n_lst
 2151:41AD       _n_max_rcv
 2151:4637       _n_max_rcv2
 2151:3F33       _n_res_a
 2151:0C0B       _n_sht4
 2151:0C17       _n_sht8
 2151:4367       _n_sl2_flt
 2151:436B       _n_sl2_flt0
 2151:4369       _n_sl2_flt1
 2151:42CB       _n_sl2_int
 2151:42CD       _n_sl2_int1
 2151:4363       _n_sl2_lng
 2151:4365       _n_sl2_lng1
 2151:40F7       _n_sl_flt
 2151:40FB       _n_sl_flt0
 2151:40F9       _n_sl_flt1
 2151:3FB7       _n_sl_int
 2151:3FB9       _n_sl_int1
 2151:40F3       _n_sl_lng
 2151:40F5       _n_sl_lng1
 2151:4B27       _n_TCT
 2151:1226       _offset
 2151:1E1A       _offs_cor
 2151:7E3D       _OldVectA
 2151:7E85       _OldVectB
 2151:0202       _one_sec_time
 2151:7E22       _Out7188Buf_3
 2151:7E6A       _Out7188Buf_4
 2151:7E2E       _OutBeginIdx_3
 2151:7E76       _OutBeginIdx_4
 2151:7EB9       _OutBufSize_1
 2151:7EFB       _OutBufSize_2
 2151:7E28       _OutBufSize_3
 2151:7E70       _OutBufSize_4
 2151:7F2B       _OutBufSize_5
 2151:7F6D       _OutBufSize_6
 2151:7FAF       _OutBufSize_7
 2151:7EB3       _OutData_1
 2151:7EF5       _OutData_2
 2151:7F25       _OutData_5
 2151:7F67       _OutData_6
 2151:7FA9       _OutData_7
 2151:7E30       _OutEndIdx_3
 2151:7E78       _OutEndIdx_4
 2151:7EBB       _OutInIdx_1
 2151:7EFD       _OutInIdx_2
 2151:7F2D       _OutInIdx_5
 2151:7F6F       _OutInIdx_6
 2151:7FB1       _OutInIdx_7
 2151:7EBD       _OutOutIdx_1
 2151:7EFF       _OutOutIdx_2
 2151:7F2F       _OutOutIdx_5
 2151:7F71       _OutOutIdx_6
 2151:7FB3       _OutOutIdx_7
 2151:3F67       _out_delay_slv
 2151:1234       _OUT_VAR
 2151:4227       _OUT_VAR2
 2151:0DB1       _OUT_VARi0
 2151:0DBB       _OUT_VAR_c
 2151:0BB5       _OUT_VAR_c_r
 2151:3ABC       _PageD
 2151:08B1       _page_MMI
 2151:08B3       _page_MMI_c
 2151:17A8       _par1
 2151:17AC       _par2
 2151:17B0       _par3
 2151:17B4       _par4
 2151:3ACE       _pass1
 2151:3AD2       _pass2
 2151:3C89       _PassW
 2151:3C85       _Password
 2151:B79E       _pass_cnt
 2151:3AC4       _pass_ret
 2151:9D10       _pdn_tmp
 2151:4659       _PermMinus
 2151:4655       _PermPlus
 2151:4F45       _PMP
 2151:4D05       _PMP_ADDR
 2151:576D       _PMP_inp_err
 2151:51A9       _PMP_Rqst
 2151:440D       _PMP_sw
 2151:9D00       _pool_time
 2151:9D06       _port
 0000:103D       _pow10
 2151:4AB7       _prc10
 2151:4ADB       _prc90
 2151:4205       _Press1
 2151:4209       _Press2
 2151:4215       _Press3
 1B18:0002       _printCom_4
 044C:2793       _PrintMmiOp
 08D3:14FC       _PrintOp
 2151:4AAF       _proc10
 2151:4AB3       _proc90
 2151:9D52       _Prod_lvl
 2151:4977       _PropanP
 2151:4807       _PropGas
 2151:4697       _PropLiq
 2151:7C82       _ProtectMode
 0000:1319       _putc
 08D3:5DCC       _putch2
 08D3:5E0E       _putch4
 0000:1353       _putchar
 044C:016F       _puts_host
 2151:B7A8       _P_Etan
 2151:0DE1       _p_ik
 2151:181A       _p_mem
 2151:7E43       _Rcnt_3
 2151:7E8B       _Rcnt_4
 2151:3ECD       _rcv_m
 2151:3ED5       _Rcv_m
 2151:3B1E       _rcv_mm
 2151:3B26       _Rcv_mm
 19C3:0008       _ReadCom
 19EA:0134       _ReadComn_DMA_3
 1A9F:013A       _ReadComn_DMA_4
 2151:7D38       _ReadCom_
 1B6C:000F       _ReadCom_1
 1C17:0003       _ReadCom_2
 1A62:000C       _ReadCom_3
 1B1B:000B       _ReadCom_4
 1C97:0003       _ReadCom_5
 1D42:0005       _ReadCom_6
 1DED:0007       _ReadCom_7
 19EA:0252       _ReadCom_DMA_3
 1A9F:0258       _ReadCom_DMA_4
 18AC:0005       _ReadNVRAM
 188C:0073       _ReadRTC
 188C:00EF       _ReadRTC_Burst
 0000:252C       _realloc
 2151:7ECD       _ReceiveXoff_1
 2151:7E36       _ReceiveXoff_3
 2151:7E7E       _ReceiveXoff_4
 2151:7F3F       _ReceiveXoff_5
 2151:7F81       _ReceiveXoff_6
 2151:7FC3       _ReceiveXoff_7
 187C:0004       _RefreshWDT
 2151:4225       _Reg_err
 2151:422F       _Reg_err2
 2151:4223       _Reg_State
 2151:422D       _Reg_State2
 2151:7C3C       _ResetMode
 19BE:0009       _RestoreCom
 2151:7CF8       _RestoreCom_
 1B7F:066F       _RestoreCom_1
 1C26:03F1       _RestoreCom_2
 1A17:040B       _RestoreCom_3
 1ACC:0411       _RestoreCom_4
 1CA9:0673       _RestoreCom_5
 1D55:0665       _RestoreCom_6
 1E00:0667       _RestoreCom_7
 2151:0D83       _result_dlv
 2151:B772       _retf_iii
 2151:B774       _retf_seg
 2151:B770       _retl_offs
 2151:3EDD       _retl_seg
 2151:959C       _rltt1
 2151:9598       _rltt2
 2151:9594       _rltt3
 2151:9590       _rltt4
 2151:440F       _RQ2
 2151:0CD7       _Rqst_fict
 2151:0EC1       _R_MVD
 2151:B6A0       _S1D
 044C:291A       _ScanfMmiOp
 2151:015A       _scom_tim
 2151:8FAA       _ScrBuf
 2151:89DA       _ScrBuf_c
 2151:7C8C       _SectorSize256
 2151:7C98       _SectorSize512
 2151:4BFF       _Sect_tct
 2151:1224       _seg
 044C:2142       _SendToMMI
 2151:7ECF       _SendXoff_1
 2151:7E38       _SendXoff_3
 2151:7E80       _SendXoff_4
 2151:7F41       _SendXoff_5
 2151:7F83       _SendXoff_6
 2151:7FC5       _SendXoff_7
 1A17:00F0       _Serial_Isr_3
 1ACC:00F6       _Serial_Isr_4
 044C:0C90       _ServiceCOM
 19C5:000E       _SetBaudrate
 2151:7D58       _SetBaudrate_
 1B47:000A       _SetBaudrate_1
 1BF2:000C       _SetBaudrate_2
 19D6:0005       _SetBaudrate_3
 1A8B:000B       _SetBaudrate_4
 1C71:000E       _SetBaudrate_5
 1D1D:0000       _SetBaudrate_6
 1DC8:0002       _SetBaudrate_7
 0000:2700       _setblock
 1B7F:006E       _SetComFifoTriggerLevel_1
 1C26:004A       _SetComFifoTriggerLevel_2
 1CA9:0072       _SetComFifoTriggerLevel_5
 1D55:0064       _SetComFifoTriggerLevel_6
 1E00:0066       _SetComFifoTriggerLevel_7
 1B7F:0016       _SetComPortBufferSize_1
 1C26:0009       _SetComPortBufferSize_2
 1A17:000E       _SetComPortBufferSize_3
 1ACC:0014       _SetComPortBufferSize_4
 1CA9:001A       _SetComPortBufferSize_5
 1D55:000C       _SetComPortBufferSize_6
 1E00:000E       _SetComPortBufferSize_7
 1C1B:0004       _SetComTimeout
 1B73:0008       _SetComTimeout_1
 1A7E:000C       _SetComTimeout_3
 1B3A:000B       _SetComTimeout_4
 1C9D:000C       _SetComTimeout_5
 1D48:000E       _SetComTimeout_6
 1DF4:0000       _SetComTimeout_7
 19C5:003D       _SetDataFormat
 2151:7D78       _SetDataFormat_
 1B47:0067       _SetDataFormat_1
 1BF2:0069       _SetDataFormat_2
 19D6:0064       _SetDataFormat_3
 1A8B:006A       _SetDataFormat_4
 1C71:006B       _SetDataFormat_5
 1D1D:005D       _SetDataFormat_6
 1DC8:005F       _SetDataFormat_7
 18BB:0044       _SetDate
 044C:2126       _SetDisplayPage
 1E73:000F       _SetDo1
 1E76:0001       _SetDo2
 0000:36EA       _setmem
 044C:1F3F       _SetMFont
 18D2:000D       _SetTime
 0000:3BC0       _setvbuf
 18BB:015E       _SetWeekDay
 1B7F:000B       _SetXonXoffControlMode_1
 1A17:0003       _SetXonXoffControlMode_3
 1ACC:0009       _SetXonXoffControlMode_4
 1CA9:000F       _SetXonXoffControlMode_5
 1D55:0001       _SetXonXoffControlMode_6
 1E00:0003       _SetXonXoffControlMode_7
 044C:1E88       _SetZone
 044C:0079       _ShowBaudrate
 044C:005D       _ShowChecksum
 044C:00FF       _ShowCom
 2151:7C0C       _ShowData
 1914:015B       _ShowEEP_setting
 044C:012B       _ShowNumber
 044C:0041       _ShowPort
 2151:7EC9       _SizeToXoff_1
 2151:7E32       _SizeToXoff_3
 2151:7E7A       _SizeToXoff_4
 2151:7F3B       _SizeToXoff_5
 2151:7F7D       _SizeToXoff_6
 2151:7FBF       _SizeToXoff_7
 2151:7ECB       _SizeToXon_1
 2151:7E34       _SizeToXon_3
 2151:7E7C       _SizeToXon_4
 2151:7F3D       _SizeToXon_5
 2151:7F7F       _SizeToXon_6
 2151:7FC1       _SizeToXon_7
 2151:1C06       _sk_reg_n
 2151:1C0A       _sk_reg_q
 2151:0826       _Sl3_time1
 2151:082A       _Sl3_time1_l
 2151:0832       _Sl3_time2
 2151:0836       _Sl3_time2_l
 2151:083E       _Sl3_time3
 2151:0842       _Sl3_time3_l
 2151:4395       _Slv2_float
 2151:436D       _Slv2_int
 2151:43E5       _Slv2_lng
 2151:448D       _Slv2_Short
 2151:44B7       _Slv2_short_lgth
 2151:44B9       _Slv2_short_max
 2151:4411       _Slv2_Slot1
 2151:44BB       _Slv2_Slot2
 2151:451F       _Slv2_Slot3
 2151:4565       _Slv2_Slot4
 2151:45A5       _Slv2_Slot5
 2151:45E5       _Slv2_Slot6
 2151:4489       _Slv2_slt1_lgth
 2151:448B       _Slv2_slt1_max
 2151:4503       _Slv2_slt2_lgth
 2151:4505       _Slv2_slt2_max
 2151:4561       _Slv2_slt3_lgth
 2151:4563       _Slv2_slt3_max
 2151:45A1       _Slv2_slt4_lgth
 2151:45A3       _Slv2_slt4_max
 2151:45E1       _Slv2_slt5_lgth
 2151:45E3       _Slv2_slt5_max
 2151:4633       _Slv2_slt6_lgth
 2151:4635       _Slv2_slt6_max
 2151:3F55       _Slv_fict
 2151:3F57       _Slv_fict1
 2151:3F59       _Slv_fict2
 2151:3F5B       _Slv_fict3
 2151:3F5D       _Slv_fict4
 2151:4125       _Slv_float
 2151:40FD       _Slv_int
 2151:4175       _Slv_lng
 0000:3D1B       _sprintf
 0000:3D91       _sscanf
 2151:7C86       _StartSector
 2151:4CF1       _State_PMP
 2151:3F3D       _State_SLV
 2151:4255       _State_SLV2
 2151:9D08       _status
 2151:7E53       _status1_3
 2151:7E9B       _status1_4
 2151:7C5A       _STD_PORT
 199C:0158       _StopUserTimerFun
 0000:3DD8       _strcat
 0000:3E17       _strcmp
 0000:3E47       _strcpy
 0000:2CD5       _strftime
 0000:3E70       _strlen
 0000:3E8F       _strncpy
 0000:0C89       _strtod
 0000:3EF2       _strtoul
 2151:3AAF       _str_ESC
 2151:9D1E       _str_mvd
 2151:8810       _str_tmp
 2151:1270       _summ_v
 2151:3F43       _sw_dlv_slv
 2151:09CF       _sw_fst
 2151:3C75       _sw_mmi
 2151:3F41       _sw_mmi_slv
 2151:009C       _sw_ver
 2151:7C44       _SystemSerialNumber
 2151:3A90       _s_empty
 2151:3F21       _s_mode
 2151:0EC9       _s_MVD
 2151:4D4D       _s_PMP
 2151:4B81       _T0_LVL
 2151:4BA5       _T0_Tank
 2151:021C       _T1_eee
 2151:0234       _T1_eee_c
 2151:465D       _t20c
 2151:0224       _T2_eee
 2151:023C       _T2_eee_c
 2151:022C       _T3_eee
 2151:0244       _T3_eee_c
 2151:3CBF       _table_crc_hi
 2151:3DBF       _table_crc_lo
 2151:41CB       _Tank1F
 2151:3F29       _TankN
 2151:3A80       _Tank_nn
 2151:4B03       _TCT_ARR
 2151:B7B4       _TCT_sz
 2151:4A8B       _TCT_T1
 2151:4A8F       _TCT_T2
 2151:4A93       _TCT_T3
 2151:4A97       _TCT_T4
 2151:4A9B       _TCT_T5
 2151:4A9F       _TCT_T6
 2151:4AA3       _TCT_T7
 2151:4AA7       _TCT_T8
 2151:4AAB       _TCT_T9
 0000:1C6E       _tell
 2151:420D       _Temp1
 2151:4211       _Temp2
 2151:4219       _Temp3
 2151:467F       _Temperature
 2151:4683       _Temperature1
 2151:9D46       _TempLiq
 2151:4645       _TempTotal
 2151:0EB9       _Temp_a
 2151:0EB1       _Temp_AD
 2151:4667       _Temp_kor
 2151:01F6       _time1
 2151:0D7F       _TimeClear
 2151:9CFE       _timeout
 2151:7C38       _TimeTicks
 2151:87A4       _timezone
 2151:3C9F       _time_bot
 2151:0120       _time_DGM
 2151:0196       _time_rcv
 2151:0182       _time_snd
 2151:3EC7       _tim_000
 2151:B7CC       _tMassI
 2151:0146       _tmp_mn0
 2151:0148       _tmp_mn1
 2151:014A       _tmp_mn2
 2151:016E       _Tm_snd
 19CB:000F       _ToCom
 19BB:0007       _ToComBufn
 2151:7CD8       _ToComBufn_
 1B56:0008       _ToComBufn_1
 1C01:000A       _ToComBufn_2
 1A69:000C       _ToComBufn_3
 1B22:000B       _ToComBufn_4
 1C80:000C       _ToComBufn_5
 1D2B:000E       _ToComBufn_6
 1DD7:0000       _ToComBufn_7
 1B37:000B       _ToComStr_4
 2151:7D98       _ToCom_
 1B73:0013       _ToCom_1
 1C1B:000F       _ToCom_2
 1A7E:0017       _ToCom_3
 1B3A:0016       _ToCom_4
 1C9D:0017       _ToCom_5
 1D48:0019       _ToCom_6
 1DF4:000B       _ToCom_7
 2151:09B3       _ToutAns
 2151:2524       _ToutLicpScan
 08D3:170E       _trace
 2151:7DD8       _TriggerLevel
 2151:9D5A       _ttct1
 2151:9D56       _ttct2
 2151:450B       _TTmp1
 2151:4513       _TTmp2
 2151:451B       _TTmp3
 2151:988A       _ttt1
 2151:9882       _ttt1_l
 2151:9888       _ttt2
 2151:987E       _ttt2_l
 2151:9886       _ttt3
 2151:987A       _ttt3_l
 2151:95A8       _ttt4
 2151:1F02       _tt_day
 2151:1F00       _tt_hour
 2151:1EFE       _tt_min
 2151:1F04       _tt_month
 2151:9CFC       _TT_par
 2151:1EFC       _tt_sec
 2151:1F06       _tt_year
 2151:B7C8       _tVolI
 2151:879C       _tzname
 0000:3FA6       _tzset
 2151:0E9F       _T_Ref
 2151:082E       _t_store1
 2151:083A       _t_store2
 2151:0846       _t_store3
 2151:41A7       _uk_beg_Slv
 2151:23AA       _uk_buf
 2151:41A9       _uk_fin_Slv
 2151:23AC       _uk_ns
 2151:9D5E       _ul
 2151:7C4C       _Unit_ms
 2151:7C4E       _Unit_ms1
 2151:7C50       _Unit_ms2
 2151:3AF8       _un_mmi1
 2151:3AFA       _un_mmi2
 2151:3AFC       _un_mmi3
 2151:7E3B       _UseDMA_3
 2151:7E83       _UseDMA_4
 2151:4CB7       _val_Press
 2151:4C93       _val_Temp
 2151:3EBF       _vBIG_P
 2151:464D       _VolGRK
 2151:3A88       _VolStamp
 2151:463D       _VolTotal
 2151:1268       _volume_f
 2151:4C4B       _Vol_10
 2151:4C6F       _Vol_90
 2151:126C       _vol_f
 2151:41FD       _Vol_kd
 2151:4C27       _Vol_max
 0000:3D3D       _vsprintf
 0000:3DB4       _vsscanf
 2151:2412       _v_num_var
 2151:4661       _v_Proc
 2151:0EA7       _V_ref
 2151:7C76       _WaitAckCount
 197E:0047       _WaitFlashCommandEnd
 19D1:0001       _WaitTransmitOver
 2151:7DE6       _WaitTransmitOver_
 1BEF:0015       _WaitTransmitOver_1
 1C6E:0017       _WaitTransmitOver_2
 1A88:0014       _WaitTransmitOver_3
 1B44:0013       _WaitTransmitOver_4
 1D19:0019       _WaitTransmitOver_5
 1DC4:001B       _WaitTransmitOver_6
 1E6F:001D       _WaitTransmitOver_7
 2151:3F27       _waterTank
 2151:9D4E       _Wat_lvl
 2151:14B0       _WDOG
 2151:1538       _WDOG_Rqst
 2151:4259       _WD_PMP2_Fl
 2151:4257       _WD_PMP2_flag
 2151:4263       _WD_PMP2_Per
 2151:425F       _WD_PMP2_t1
 2151:425B       _WD_PMP2_time
 2151:3F47       _WD_PMP_Fl
 2151:3F45       _WD_PMP_flag
 2151:3F51       _WD_PMP_Per
 2151:3F4D       _WD_PMP_t1
 2151:3F49       _WD_PMP_time
 2151:1CD0       _wmf_v
 2151:1C32       _wmvd_reg_v
 18DB:000B       _WriteNVRAM
 188C:00C9       _WriteRTC
 188C:0154       _WriteRTC_Burst
 2151:08C1       _x_mmi
 2151:08C3       _y_mmi
 2151:011C       _ZeroPage
 2151:B7A4       _zero_time
 2151:88FA       _Zone_par
 044C:1F96       _Z_Gotox
 044C:1F77       _Z_MvToX
 2151:7FF0       __8087
 0000:1000  Abs  __AHINCR
 0000:000C  Abs  __AHSHIFT
 2151:815C       __atexitcnt
 2151:B92A       __atexittbl
 0000:2623       __brk
 2151:008B       __brklvl
 2151:006B       __C0argc
 2151:006D       __C0argv
 2151:0071       __C0environ
 0000:111A       __cexit
 0000:0167       __checknull
 0000:0154       __cleanup
 2151:7C58       __CpuSpeed
 2151:815E       __ctype
 0000:0000  Abs  __cvtfak
 0000:1128       __c_exit
 2151:8004       __default87
 2151:8428       __doserrno
 0000:11CD       __DOSERROR
 2151:842A       __dosErrorToSV
 2CF0:0000       __emu
 2151:0075       __envLng
 2151:0077       __envseg
 2151:0079       __envSize
 0000:1108       __exit
 2151:8260       __exitbuf
 2151:8264       __exitfopen
 2151:8268       __exitopen
 0000:3544       __fgetc
 0000:8087  Abs  __floatconvert
 0000:4434       __fmemcmp
 0000:445C       __fmemcpy
 0000:44A4       __fmemset
 0000:0EC5       __fperror
 2151:8426       __fpstklen
 0000:05FB       __fpuint
 0000:372D       __fputc
 0000:38F0       __FPUTN
 0000:4480       __fsetmem
 2151:0087       __heapbase
 2151:008F       __heaptop
 2151:800A       __huge_dble
 2151:8006       __huge_flt
 2151:8012       __huge_ldble
 2151:801C       __indefinite
 2151:005B       __Int0Vector
 2151:005F       __Int4Vector
 2151:0063       __Int5Vector
 2151:0067       __Int6Vector
 0000:1194       __IOERROR
 0000:4192       __ISDST
 2151:8001       __LDT
 0000:05FF       __LDTRUNC
 0000:13AF       __LONGTOA
 199B:000B       __MK_FP_
 0000:0262       __MMODEL
 2151:7E06       __Modify_Data
 2151:8782       __monthDay
 0000:3559       __Nfgetc
 2151:83FC       __nfile
 2151:83FE       __openfd
 2151:007D       __osmajor
 2151:007E       __osminor
 2151:007D       __osversion
 0000:0F74       __POW10
 2151:8000       __protected
 2151:007B       __psp
 0000:14CE       __read
 0000:26F0       __REALCVT
 2151:87B6       __RealCvtVector
 0000:01BD       __restorezero
 0000:2662       __sbrk
 0000:14FD       __scanner
 0000:26FC       __scanpop
 0000:26F8       __scanrslt
 0000:26F4       __scantod
 2151:87BA       __ScanTodVector
 0000:1A16       __scantol
 0000:0000  Abs  __setenvp__
 0000:1BB8       __setupio
 2151:0081       __StartTime
 2151:8504       __stklen
 2151:7E16       __Stop2_3
 2151:7E5E       __Stop2_4
 2151:826C       __streams
 0000:0C1D       __strtold
 0000:0168       __terminate
 2151:8020       __tiny_ldble
 0000:0000  Abs  __turboCvt
 0000:8087  Abs  __turboFloat
 0000:1431       __UTOA
 2151:007D       __version
 0000:1C9E       __VPRINTER
 0000:43C0       __write
 0000:0CBD       __XCVT
 0000:43FC       __xfflush
 2151:7C54       ___BaudDiv__
 2151:0085       ___brklvl
 0000:217B       ___first
 0000:0514       ___fpreset
 0000:217D       ___last
 0000:3AEF       ___read
 0000:217F       ___rover
 2151:B9AA       ___SignalPtr
 0000:4271       ___write
 2151:7C48       ____OsType__

  Address         Publics by Value

 0000:0000  Abs  __turboCvt
 0000:0000  Abs  __cvtfak
 0000:0000  Abs  __setenvp__
 0000:000C  Abs  __AHSHIFT
 0000:0632  Abs  FISRQQ
 0000:0E32  Abs  FICRQQ
 0000:1000  Abs  __AHINCR
 0000:1632  Abs  FIERQQ
 0000:4000  Abs  FJARQQ
 0000:5C32  Abs  FIDRQQ
 0000:8000  Abs  FJSRQQ
 0000:8087  Abs  __turboFloat
 0000:8087  Abs  __floatconvert
 0000:A23D  Abs  FIWRQQ
 0000:C000  Abs  FJCRQQ
 0000:FE32  Abs  FIARQQ
 0000:0154       __cleanup
 0000:0167       __checknull
 0000:0168       __terminate
 0000:01BD       __restorezero
 0000:0249       _abort
 0000:0260       DGROUP@
 0000:0262       __MMODEL
 0000:0264       F_LXMUL@
 0000:0264       LXMUL@
 0000:027B       F_SCOPY@
 0000:027B       SCOPY@
 0000:0297       N_LDIV@
 0000:029A       F_LDIV@
 0000:029A       LDIV@
 0000:029E       N_LUDIV@
 0000:02A1       F_LUDIV@
 0000:02A1       LUDIV@
 0000:02A6       N_LMOD@
 0000:02A9       F_LMOD@
 0000:02A9       LMOD@
 0000:02AE       N_LUMOD@
 0000:02B1       LUMOD@
 0000:02B1       F_LUMOD@
 0000:0345       N_LXLSH@
 0000:0348       F_LXLSH@
 0000:0348       LXLSH@
 0000:0366       N_LXRSH@
 0000:0369       F_LXRSH@
 0000:0369       LXRSH@
 0000:0386       N_LXURSH@
 0000:0389       F_LXURSH@
 0000:0389       LXURSH@
 0000:0514       ___fpreset
 0000:05FB       __fpuint
 0000:05FF       __LDTRUNC
 0000:0C1D       __strtold
 0000:0C89       _strtod
 0000:0CBD       __XCVT
 0000:0EC5       __fperror
 0000:0F74       __POW10
 0000:103D       _pow10
 0000:1048       F_FTOL@
 0000:1048       FTOL@
 0000:1074       _atexit
 0000:10F9       _exit
 0000:1108       __exit
 0000:111A       __cexit
 0000:1128       __c_exit
 0000:1134       N_PADD@
 0000:1137       F_PADD@
 0000:1137       PADD@
 0000:1163       N_PSUB@
 0000:1166       F_PSUB@
 0000:1166       PSUB@
 0000:1194       __IOERROR
 0000:11CD       __DOSERROR
 0000:11DF       _isalnum
 0000:11F1       _isascii
 0000:1204       _isalpha
 0000:1216       _iscntrl
 0000:1228       _isdigit
 0000:123A       _isgraph
 0000:1253       _islower
 0000:1265       _isprint
 0000:127E       _ispunct
 0000:1290       _isspace
 0000:12A2       _isupper
 0000:12B4       _isxdigit
 0000:12C6       _getc
 0000:12F7       _getchar
 0000:1319       _putc
 0000:1353       _putchar
 0000:1380       _feof
 0000:138F       _ferror
 0000:139E       _isatty
 0000:13AF       __LONGTOA
 0000:1431       __UTOA
 0000:1451       _lseek
 0000:147A       N_LXMUL@
 0000:1491       N_PCMP@
 0000:14B2       N_SCOPY@
 0000:14CE       __read
 0000:14FD       __scanner
 0000:1A16       __scantol
 0000:1BB8       __setupio
 0000:1C6E       _tell
 0000:1C9E       __VPRINTER
 0000:217B       ___first
 0000:217D       ___last
 0000:217F       ___rover
 0000:22BB       _free
 0000:22BB       _farfree
 0000:23C5       _malloc
 0000:23CF       _farmalloc
 0000:252C       _realloc
 0000:2533       _farrealloc
 0000:2623       __brk
 0000:2662       __sbrk
 0000:26F0       __REALCVT
 0000:26F4       __scantod
 0000:26F8       __scanrslt
 0000:26FC       __scanpop
 0000:2700       _setblock
 0000:2786       F_OVERFLOW@
 0000:2786       N_OVERFLOW@
 0000:2786       OVERFLOW@
 0000:2798       _atol
 0000:280D       _atoi
 0000:2A52       _gmtime
 0000:2A6B       _localtime
 0000:2AA1       _asctime
 0000:2ACC       _ctime
 0000:2C75       _mktime
 0000:2CD5       _strftime
 0000:3192       _eof
 0000:3209       _fflush
 0000:32D6       _flushall
 0000:3318       _fprintf
 0000:33B6       _fseek
 0000:3436       _ftell
 0000:3544       __fgetc
 0000:3559       __Nfgetc
 0000:355C       _fgetc
 0000:364A       _fgetchar
 0000:3656       _getenv
 0000:36C6       _memcpy
 0000:36EA       _setmem
 0000:370E       _memset
 0000:372D       __fputc
 0000:3749       _fputc
 0000:38DC       _fputchar
 0000:38F0       __FPUTN
 0000:3AEF       ___read
 0000:3BC0       _setvbuf
 0000:3D1B       _sprintf
 0000:3D3D       _vsprintf
 0000:3D91       _sscanf
 0000:3DB4       _vsscanf
 0000:3DD8       _strcat
 0000:3E17       _strcmp
 0000:3E47       _strcpy
 0000:3E70       _strlen
 0000:3E8F       _strncpy
 0000:3EF2       _strtoul
 0000:3FA6       _tzset
 0000:4192       __ISDST
 0000:4271       ___write
 0000:43C0       __write
 0000:43FC       __xfflush
 0000:4434       __fmemcmp
 0000:445C       __fmemcpy
 0000:4480       __fsetmem
 0000:44A4       __fmemset
 044C:0003       _f_get_nb
 044C:0041       _ShowPort
 044C:005D       _ShowChecksum
 044C:0079       _ShowBaudrate
 044C:00FF       _ShowCom
 044C:012B       _ShowNumber
 044C:0143       _getch_host
 044C:016F       _puts_host
 044C:01A8       _f_cycle_cmn
 044C:06E9       _f_cycle
 044C:0750       _f_cycle0
 044C:0782       _f_cycle1
 044C:07CD       _main
 044C:0C90       _ServiceCOM
 044C:0FD3       _f_timer
 044C:100F       _f_empty
 044C:1025       _f_time_dd
 044C:10B5       _f_print_dd
 044C:1102       _f_one_sec
 044C:1325       _init_win_sum
 044C:1602       _f_rd_Dns
 044C:1832       _f_wr_Dns
 044C:1A3F       _f_store_dt
 044C:1B24       _MmiKbhit
 044C:1B40       _MmiGetch
 044C:1B7F       _f_MMI
 044C:1DE9       _f_clr_scr_MMI
 044C:1E32       _f_clr_scr_c_MMI
 044C:1E5D       _f_rev_scr_MMI
 044C:1E88       _SetZone
 044C:1F3F       _SetMFont
 044C:1F5B       _MoveToXY
 044C:1F77       _Z_MvToX
 044C:1F96       _Z_Gotox
 044C:1FBA       _MmiShowCursor
 044C:1FD7       _MmiCursorOff
 044C:1FF4       _MmiGotoxy
 044C:2014       _MmiPutch
 044C:2051       _MmiPuts
 044C:20D6       _MmiPrintf
 044C:2126       _SetDisplayPage
 044C:2142       _SendToMMI
 044C:23C9       _f_mmi_err
 044C:23DF       _f_MMI_Flt
 044C:241B       _f_MMI_SetAns
 044C:247E       _f_MMI_KBD_ans
 044C:2564       _fstin
 044C:2793       _PrintMmiOp
 044C:291A       _ScanfMmiOp
 044C:2DE3       _f_tbl_1
 044C:2DF3       _f_7060
 044C:31CC       _f_init_7060
 044C:330D       _f_7060_rd
 044C:3830       _f_7060_Flt
 044C:38E1       _ffgets_com_ICP
 044C:3A0B       _f_empty_gets
 044C:3A5F       _f_check_crc_ICP
 044C:3AE0       _f_prepare7000
 044C:3B86       _f_icp_error
 044C:3C63       _f_icp_errS
 044C:3D34       _f_get_icp_error
 044C:3D77       _f_cl_error
 044C:3DDF       _f_queue_init
 044C:3E03       _f_queue_clr
 044C:3F31       _f_queue_put
 044C:3FBD       _f_queue_chk
 044C:4008       _f_queue_free
 044C:4086       _f_queue_Flt
 044C:40FE       _f_ik
 044C:4162       _f_init_mki
 044C:41BB       _f_var_i
 044C:431F       _f_inp7188
 044C:4397       _f_sens
 044C:43DA       _f_get_float
 044C:458A       _f_set_float
 044C:46FB       _f_set_int
 044C:4727       _f_set_long
 044C:477B       _f_get_long
 044C:4800       _f_get_int
 044C:483B       _f_get_intS
 08D3:0005       _f_WDOG
 08D3:01B1       _ffgets_no_com_ICP
 08D3:0253       _f_WD_end
 08D3:02C8       _f_123
 08D3:0397       _f_host
 08D3:03E6       _f_send_to_Host
 08D3:0445       _f_prompt
 08D3:0489       _f_empty_ans_echo
 08D3:04C0       _f_send_to_Host_sk
 08D3:08BD       _f_send_to_Host_rtu
 08D3:0965       _ffgets_host
 08D3:0A7B       _f_inw
 08D3:0BCB       _f_innum
 08D3:0DDE       _f_inhex
 08D3:0E6E       _f_lim
 08D3:0EC7       _f_dis_set
 08D3:14FC       _PrintOp
 08D3:1682       _f_ns_count
 08D3:170E       _trace
 08D3:19C9       _f_look_ICP
 08D3:1C7C       _f_result_Licp
 08D3:1DDE       _f_empty_ans_Licp
 08D3:1E1A       _f_ans_Licp_cfg
 08D3:1F33       _f_ans_Licp_Flt
 08D3:1F57       _f_look_RTU
 08D3:210A       _f_result_Licp_RTU
 08D3:22A4       _f_print_que
 08D3:24BA       _f_drv_list
 08D3:256A       _f_get_mod_str
 08D3:25EE       _f_mod_list
 08D3:2707       _f_icp_hlp
 08D3:276B       _f_bridge_24
 08D3:27C9       _f_bridge_34
 08D3:2827       _f_dnum
 08D3:2876       _f_check_id
 08D3:2B48       _f_intr
 08D3:5B9D       _f_rep
 08D3:5D53       _f_menu
 08D3:5DCC       _putch2
 08D3:5E0E       _putch4
 08D3:5E83       _f_get_wrd
 08D3:5EE4       _f_ee_num_init
 08D3:5F12       _f_wrt_eee
 08D3:6016       _f_chk_EEE_CRC
 08D3:610B       _f_rd_eee
 0EF2:0006       _f_d_ESC
 0EF2:0030       _f_paged3
 0EF2:0045       _f_prn_begin
 0EF2:0084       _f_prn_ID
 0EF2:0144       _f_prn_slv1
 0EF2:018A       _f_dsp_res
 0EF2:056F       _f_prn_CRC_error
 0EF2:05ED       _f_prn_proc
 0EF2:0665       _f_prn_error
 0EF2:06E8       _f_disp_error
 0EF2:0A04       _f_drv_list_MMI
 0EF2:0AE7       _f_drv_stat_MMI
 0EF2:0BD9       _f_mod_list_MMI
 0EF2:0D31       _f_prn_mmi_a
 0EF2:16A2       _f_menu_MMI
 0EF2:3E13       _f_before_MMI
 0EF2:3E2F       _f_after_MMI
 0EF2:4005       _ffgets_com_rtu
 0EF2:40D0       _f_chg_toRTU
 0EF2:416C       _crc16
 0EF2:41D9       _f_check_crc_RTU
 0EF2:423C       _f_prepareRTU
 0EF2:429B       _f_prepareRTU1
 0EF2:42FB       _f_wr_evt
 0EF2:4330       _f_wr_astr
 0EF2:43F1       _f_get_max_n_arch
 0EF2:4484       _f_print_a_str
 0EF2:44BB       _f_print_str_a
 0EF2:4C68       _f_get_astr
 0EF2:4D6D       _f_get_fst_stor
 0EF2:4E05       _f_get_lst_stor
 0EF2:4EEA       _f_prepare_evt
 0EF2:52CE       _f_get_flash_p
 0EF2:53DD       _f_get_next_seg
 0EF2:5449       _f_get_nxt_seg
 0EF2:547A       _f_get_prev_seg
 0EF2:54AB       _get_vdate
 0EF2:552B       _f_get_time
 0EF2:5548       _f_prepare_t
 0EF2:55A6       _f_get_time_t
 0EF2:5617       _f_get_d_dat
 0EF2:5992       _f_print_d_str
 0EF2:5AA0       _f_get_dat_s
 0EF2:5B8A       _f_get_dat_n
 0EF2:5BB4       _fun_tim_u
 0EF2:5C2E       _f_SlaveRTU
 0EF2:5C57       _f_get_SlvBuf
 0EF2:5E58       _f_free_SlvBuf
 0EF2:5EFE       _f_stor_Slv
 0EF2:5F9F       _ffgets_SlvRTU
 0EF2:61A5       _f_get_numRTU2
 0EF2:61ED       _f_get_numRTU7
 0EF2:6233       _f_intr_SlvRTU
 0EF2:6668       _f_is_int
 0EF2:6694       _f_is_float
 0EF2:66D0       _f_int_fnc
 0EF2:66F5       _f_fls
 0EF2:675F       _f_WE_slv
 0EF2:6785       _ff_we_slv
 0EF2:67AC       _f_start_dlv
 0EF2:685B       _f_stop_dlv
 0EF2:689B       _f_alm_stop
 0EF2:68C8       _f_rst_slv
 0EF2:68EB       _f_CE_slv
 0EF2:6913       _f_Stop_Pmp
 0EF2:6960       _f_cmd_prn
 0EF2:6974       _f_Baud_slv
 0EF2:6A0F       _f_Slave2RTU
 0EF2:6A75       _f_Slave3RTU
 0EF2:6ADB       _ffgets_Slv2RTU
 0EF2:6D6E       _f_intr_Slv2RTU
 0EF2:757F       _f_is_int2
 0EF2:75AB       _f_is_float2
 0EF2:75E7       _f_int_fnc2
 0EF2:767C       _f_fls2
 0EF2:76E0       _f_cmd2_prn
 0EF2:76F4       _f_Baud_slv2
 0EF2:778F       _f_WE_slv2
 0EF2:77AF       _f_set_slv
 0EF2:7891       _f_cnt_totals
 0EF2:7A0B       _f_get_dens
 0EF2:7AB1       _f_get_composition
 0EF2:7C2E       _f_get_Dns
 0EF2:7D63       _f_get_pressCT
 0EF2:7F5B       _f_get_pressDT
 0EF2:82DB       _f_get_PD_Etan
 0EF2:83C6       _f_get_vol
 0EF2:854D       _f_wr_tct
 0EF2:8B5E       _f_zer_tct
 0EF2:8BE9       _f_rd_tct
 0EF2:8D2D       _f_slaves
 0EF2:8D5E       _f_prep_VM
 0EF2:8DEB       _f_count_tank
 0EF2:8FBE       _f_PMP
 0EF2:921D       _f_PMP_rd
 0EF2:9503       _f_PMP_Flt
 0EF2:95BB       _f_prepare_PMP
 0EF2:9606       _f_check_crc_PMP
 0EF2:9706       _ffgets_com_PMP
 0EF2:97F8       _f_get_float_PMP
 0EF2:9866       _f_get_long_PMP
 187C:0004       _RefreshWDT
 187D:000E       _ClockHigh
 187E:000A       _ClockHighLow
 187E:001A       _ClockHighLow_1
 1881:0007       _ClockLow
 1882:0003       _LedToggle
 1882:000E       _Init5DigitLed
 1885:000C       SHOW5DIGITLED
 1887:0006       SHOW5DIGITLEDWITHDOT
 1889:0002       WRITE_TO_7219
 188C:0073       _ReadRTC
 188C:00C9       _WriteRTC
 188C:00EF       _ReadRTC_Burst
 188C:0154       _WriteRTC_Burst
 18A4:0005       _GetDate
 18A4:0037       _GetWeekDay
 18A9:0002       _GetTime
 18AC:0005       _ReadNVRAM
 18AF:0009       _GetTimeDate
 18BB:0008       _IsLeapYear
 18BB:0044       _SetDate
 18BB:015E       _SetWeekDay
 18D2:000D       _SetTime
 18DB:000B       _WriteNVRAM
 18DE:0009       _CheckCpuSpeed
 18DE:00C4       _InitLib
 18EB:0006       _EE1024_MultiRead
 18F7:0007       _EE1024_MultiWrite
 1901:0001       _EE1024_ReadNext
 1905:0001       _EE1024_RandomRead
 190D:0002       _EE1024_RandomWrite
 1914:0037       EE_BITWRITE
 1914:0059       _EE_Start
 1914:007C       _EE_Stop
 1914:008E       _EE_ReadAck
 1914:00AC       _EE_SendAck
 1914:00C3       EE_WRITEBYTE
 1914:00EA       _EE_ReadByte
 1914:0117       EE_INITWRITEMODE
 1914:015B       _ShowEEP_setting
 1929:000C       _EE_WriteProtect
 192B:0003       _EE_WriteEnable
 192B:000B       _InitEEPROM
 1943:0009       _EE_MultiRead
 194D:0007       _EE_MultiWrite
 1954:0005       _EE_MultiWrite_A
 1961:000C       _EE_ReadNext
 1965:000C       _EE_RandomRead
 196C:000F       _EE_RandomWrite
 1972:0006       _EE_MultiWrite_L
 1972:0036       _EE_MultiRead_L
 1978:0006       _FlashErase
 197E:0008       _FlashUnlock
 197E:001E       _FlashCmd
 197E:0037       _FlashResetToReadMode
 197E:0047       _WaitFlashCommandEnd
 197E:010B       _FlashReadId
 1995:000B       _FlashWrite
 199B:000B       __MK_FP_
 199C:00D4       _InstallUserTimerFunction_us
 199C:012B       _InstallUserTimerFunction_ms
 199C:0158       _StopUserTimerFun
 19B1:000D       _LongDiv
 19B6:0007       _Chk_Port
 19B7:000F       _InstallCom
 19BB:0007       _ToComBufn
 19BE:0009       _RestoreCom
 19C0:000F       _NullIsCom
 19C0:0012       _IsCom
 19C3:0008       _ReadCom
 19C5:000E       _SetBaudrate
 19C5:003D       _SetDataFormat
 19CB:000F       _ToCom
 19CE:000B       _IsTxBufEmpty
 19D1:0001       _WaitTransmitOver
 19D6:0005       _SetBaudrate_3
 19D6:0064       _SetDataFormat_3
 19EA:00A9       _InstallCom_DMA_3
 19EA:0134       _ReadComn_DMA_3
 19EA:01E8       _DataSizeInCom_DMA_3
 19EA:0224       _ClearCom_DMA_3
 19EA:0243       _IsCom_DMA_3
 19EA:0252       _ReadCom_DMA_3
 1A14:000B       _IsCom_3
 1A17:0003       _SetXonXoffControlMode_3
 1A17:000E       _SetComPortBufferSize_3
 1A17:0035       _ClearTxBuffer_3
 1A17:0041       _GetTxBufferFreeSize_3
 1A17:00C8       _InstallComInputData_3
 1A17:00DA       _CheckXonXoff_3
 1A17:00F0       _Serial_Isr_3
 1A17:02DA       _InstallCom_3
 1A17:040B       _RestoreCom_3
 1A61:000F       _IsComOutBufEmpty_3
 1A62:000C       _ReadCom_3
 1A69:000C       _ToComBufn_3
 1A7E:000C       _SetComTimeout_3
 1A7E:0017       _ToCom_3
 1A88:000C       _IsTxBufEmpty_3
 1A88:0014       _WaitTransmitOver_3
 1A8B:000B       _SetBaudrate_4
 1A8B:006A       _SetDataFormat_4
 1A9F:00AF       _InstallCom_DMA_4
 1A9F:013A       _ReadComn_DMA_4
 1A9F:01EE       _DataSizeInCom_DMA_4
 1A9F:022A       _ClearCom_DMA_4
 1A9F:0249       _IsCom_DMA_4
 1A9F:0258       _ReadCom_DMA_4
 1ACA:0001       _IsCom_4
 1ACC:0009       _SetXonXoffControlMode_4
 1ACC:0014       _SetComPortBufferSize_4
 1ACC:003B       _ClearTxBuffer_4
 1ACC:0047       _GetTxBufferFreeSize_4
 1ACC:00CE       _InstallComInputData_4
 1ACC:00E0       _CheckXonXoff_4
 1ACC:00F6       _Serial_Isr_4
 1ACC:02E0       _InstallCom_4
 1ACC:0411       _RestoreCom_4
 1B17:0005       _IsComOutBufEmpty_4
 1B18:0002       _printCom_4
 1B1B:000B       _ReadCom_4
 1B22:000B       _ToComBufn_4
 1B37:000B       _ToComStr_4
 1B3A:000B       _SetComTimeout_4
 1B3A:0016       _ToCom_4
 1B44:000B       _IsTxBufEmpty_4
 1B44:0013       _WaitTransmitOver_4
 1B47:000A       _SetBaudrate_1
 1B47:0067       _SetDataFormat_1
 1B56:0008       _ToComBufn_1
 1B6A:0007       _IsCom_1
 1B6C:0002       _IsComOutBufEmpty_1
 1B6C:000F       _ReadCom_1
 1B73:0008       _SetComTimeout_1
 1B73:0013       _ToCom_1
 1B7F:000B       _SetXonXoffControlMode_1
 1B7F:0016       _SetComPortBufferSize_1
 1B7F:003E       _ClearTxBuffer_1
 1B7F:0057       _GetTxBufferFreeSize_1
 1B7F:006E       _SetComFifoTriggerLevel_1
 1B7F:00E6       _GetInputBufFreeSize_1
 1B7F:0158       _InstallComInputData_1
 1B7F:016A       _CheckXonXoff_1
 1B7F:0180       _CheckInputBufSize_1
 1B7F:04FF       _InstallCom_1
 1B7F:066F       _RestoreCom_1
 1BEF:0007       _IsTxBufEmpty_1
 1BEF:0015       _WaitTransmitOver_1
 1BF2:000C       _SetBaudrate_2
 1BF2:0069       _SetDataFormat_2
 1C01:000A       _ToComBufn_2
 1C14:000B       _IsCom_2
 1C16:0006       _IsComOutBufEmpty_2
 1C17:0003       _ReadCom_2
 1C1B:0004       _SetComTimeout
 1C1B:000F       _ToCom_2
 1C26:0009       _SetComPortBufferSize_2
 1C26:001A       _ClearTxBuffer_2
 1C26:0033       _GetTxBufferFreeSize_2
 1C26:004A       _SetComFifoTriggerLevel_2
 1C26:00C2       _GetInputBufFreeSize
 1C26:010E       _InstallComInputData_2
 1C26:02AA       _InstallCom_2
 1C26:03F1       _RestoreCom_2
 1C6E:0009       _IsTxBufEmpty_2
 1C6E:0017       _WaitTransmitOver_2
 1C71:000E       _SetBaudrate_5
 1C71:006B       _SetDataFormat_5
 1C80:000C       _ToComBufn_5
 1C94:000B       _IsCom_5
 1C96:0006       _IsComOutBufEmpty_5
 1C97:0003       _ReadCom_5
 1C9D:000C       _SetComTimeout_5
 1C9D:0017       _ToCom_5
 1CA9:000F       _SetXonXoffControlMode_5
 1CA9:001A       _SetComPortBufferSize_5
 1CA9:0042       _ClearTxBuffer_5
 1CA9:005B       _GetTxBufferFreeSize_5
 1CA9:0072       _SetComFifoTriggerLevel_5
 1CA9:00EA       _GetInputBufFreeSize_5
 1CA9:015C       _InstallComInputData_5
 1CA9:016E       _CheckXonXoff_5
 1CA9:0184       _CheckInputBufSize_5
 1CA9:0503       _InstallCom_5
 1CA9:0673       _RestoreCom_5
 1D19:000B       _IsTxBufEmpty_5
 1D19:0019       _WaitTransmitOver_5
 1D1D:0000       _SetBaudrate_6
 1D1D:005D       _SetDataFormat_6
 1D2B:000E       _ToComBufn_6
 1D3F:000D       _IsCom_6
 1D41:0008       _IsComOutBufEmpty_6
 1D42:0005       _ReadCom_6
 1D48:000E       _SetComTimeout_6
 1D48:0019       _ToCom_6
 1D55:0001       _SetXonXoffControlMode_6
 1D55:000C       _SetComPortBufferSize_6
 1D55:0034       _ClearTxBuffer_6
 1D55:004D       _GetTxBufferFreeSize_6
 1D55:0064       _SetComFifoTriggerLevel_6
 1D55:00DC       _GetInputBufFreeSize_6
 1D55:014E       _InstallComInputData_6
 1D55:0160       _CheckXonXoff_6
 1D55:0176       _CheckInputBufSize_6
 1D55:04F5       _InstallCom_6
 1D55:0665       _RestoreCom_6
 1DC4:000D       _IsTxBufEmpty_6
 1DC4:001B       _WaitTransmitOver_6
 1DC8:0002       _SetBaudrate_7
 1DC8:005F       _SetDataFormat_7
 1DD7:0000       _ToComBufn_7
 1DEA:000F       _IsCom_7
 1DEC:000A       _IsComOutBufEmpty_7
 1DED:0007       _ReadCom_7
 1DF4:0000       _SetComTimeout_7
 1DF4:000B       _ToCom_7
 1E00:0003       _SetXonXoffControlMode_7
 1E00:000E       _SetComPortBufferSize_7
 1E00:0036       _ClearTxBuffer_7
 1E00:004F       _GetTxBufferFreeSize_7
 1E00:0066       _SetComFifoTriggerLevel_7
 1E00:00DE       _GetInputBufFreeSize_7
 1E00:0150       _InstallComInputData_7
 1E00:0162       _CheckXonXoff_7
 1E00:0178       _CheckInputBufSize_7
 1E00:04F7       _InstallCom_7
 1E00:0667       _RestoreCom_7
 1E6F:000F       _IsTxBufEmpty_7
 1E6F:001D       _WaitTransmitOver_7
 1E73:0004       _GetDi1
 1E73:000F       _SetDo1
 1E75:0007       _GetDi2
 1E76:0001       _SetDo2
 1E77:0009       _ascii_to_hex
 1E7C:2152       e086_Entry
 1E7C:26E0       e086_Shortcut
 20F4:0306       e087_Entry
 20F4:03C6       e087_Shortcut
 20F4:0430       e087_Trap
 2151:0000       DATASEG@
 2151:005B       __Int0Vector
 2151:005F       __Int4Vector
 2151:0063       __Int5Vector
 2151:0067       __Int6Vector
 2151:006B       __C0argc
 2151:006D       __C0argv
 2151:0071       __C0environ
 2151:0075       __envLng
 2151:0077       __envseg
 2151:0079       __envSize
 2151:007B       __psp
 2151:007D       __osversion
 2151:007D       __osmajor
 2151:007D       __version
 2151:007E       __osminor
 2151:007F       _errno
 2151:0081       __StartTime
 2151:0085       ___brklvl
 2151:0087       __heapbase
 2151:008B       __brklvl
 2151:008F       __heaptop
 2151:0094       _fl_inv_out
 2151:0096       _INP_inv
 2151:0098       _INP_VARi
 2151:009A       _flag_fst_gun
 2151:009C       _sw_ver
 2151:00B0       _ComBaud
 2151:00C4       _Com_lgth
 2151:00CE       _Com_parity
 2151:00D8       _Com_stop
 2151:00E2       _ComProt
 2151:00EC       _baudrate_val
 2151:0118       _MMI_inp_err
 2151:011A       _MMI_out_err
 2151:011C       _ZeroPage
 2151:011E       _EmptPage
 2151:0120       _time_DGM
 2151:0144       _flag_prn
 2151:0146       _tmp_mn0
 2151:0148       _tmp_mn1
 2151:014A       _tmp_mn2
 2151:014C       _FlagWinSum
 2151:014E       _flag_H
 2151:0150       _last_out
 2151:015A       _scom_tim
 2151:016E       _Tm_snd
 2151:0182       _time_snd
 2151:0196       _time_rcv
 2151:01AA       _ghj
 2151:01AC       _n_bcom
 2151:01B6       _ff_serv
 2151:01BA       _ff_gets_com
 2151:01CE       _ff_answ_com
 2151:01E2       _ff_answ_flt
 2151:01F6       _time1
 2151:01FA       _dd_max
 2151:01FE       _dd_min
 2151:0202       _one_sec_time
 2151:0206       _cl_val_c
 2151:020A       _cl_t_c
 2151:020E       _num_clp_sv
 2151:0210       _CL_MassP
 2151:0214       _CL_VolP
 2151:0218       _D1_eee
 2151:021C       _T1_eee
 2151:0220       _D2_eee
 2151:0224       _T2_eee
 2151:0228       _D3_eee
 2151:022C       _T3_eee
 2151:0230       _D1_eee_c
 2151:0234       _T1_eee_c
 2151:0238       _D2_eee_c
 2151:023C       _T2_eee_c
 2151:0240       _D3_eee_c
 2151:0244       _T3_eee_c
 2151:0248       _ds_list1
 2151:0824       _max_list1
 2151:0826       _Sl3_time1
 2151:082A       _Sl3_time1_l
 2151:082E       _t_store1
 2151:0832       _Sl3_time2
 2151:0836       _Sl3_time2_l
 2151:083A       _t_store2
 2151:083E       _Sl3_time3
 2151:0842       _Sl3_time3_l
 2151:0846       _t_store3
 2151:084A       _mn_fnt
 2151:084B       _mmikeycode
 2151:08AB       _mmi_sw
 2151:08AD       _fl_mmi_new
 2151:08AF       _fl_mmi_new1
 2151:08B1       _page_MMI
 2151:08B3       _page_MMI_c
 2151:08B5       _nm_stamp
 2151:08B9       _nm_time
 2151:08BD       _font_arr
 2151:08C1       _x_mmi
 2151:08C3       _y_mmi
 2151:08C5       _mmix
 2151:08C7       _mmiy
 2151:08C9       _fn_MMI
 2151:08CB       _MMI
 2151:090F       _MMI_Rqst
 2151:09B3       _ToutAns
 2151:09C7       _flag_fn
 2151:09C9       _cnt_flt_MMI
 2151:09CB       _mmi_key_in
 2151:09CD       _mmi_key_out
 2151:09CF       _sw_fst
 2151:09D1       _fst_n
 2151:09D3       _fst_in_n
 2151:09D5       _I7060
 2151:0A5D       _I7060_Rqst
 2151:0BA5       _i7060_fn
 2151:0BA9       _I7060_wd_E
 2151:0BAD       _I7060_wd_VV
 2151:0BB1       _i7060_sw
 2151:0BB5       _OUT_VAR_c_r
 2151:0BB7       _i7060_out_err
 2151:0BBB       _i7060_inp_err
 2151:0BBF       _i7060_seq
 2151:0BFF       _I7060_fl
 2151:0C03       _msk4
 2151:0C0B       _n_sht4
 2151:0C13       _msk8
 2151:0C17       _n_sht8
 2151:0C1B       _ICP_dd
 2151:0C4F       _icp_lst_max
 2151:0C51       _ICP_error
 2151:0C71       _ICP_error_c
 2151:0C91       _FL_err
 2151:0C93       _ICP_fict
 2151:0CD7       _Rqst_fict
 2151:0D7B       _fict_long
 2151:0D7F       _TimeClear
 2151:0D83       _result_dlv
 2151:0D85       _num_out3
 2151:0D87       _num_out4
 2151:0D89       _num_out5
 2151:0D8B       _num_out6
 2151:0D8D       _num_out7
 2151:0D8F       _num_out8
 2151:0D91       _CLP0
 2151:0D93       _num_in1
 2151:0D95       _num_in2
 2151:0D97       _num_in3
 2151:0D99       _num_in4
 2151:0D9B       _num_in5
 2151:0D9D       _num_in6
 2151:0D9F       _num_in7
 2151:0DA1       _num_in8
 2151:0DA3       _num_in9
 2151:0DA5       _num_in10
 2151:0DA7       _num_in11
 2151:0DA9       _num_in12
 2151:0DAB       _num_in13
 2151:0DAD       _num_in14
 2151:0DAF       _num_in15
 2151:0DB1       _OUT_VARi0
 2151:0DB3       _INP_VAR_c
 2151:0DB5       _INP_VARi0
 2151:0DB7       _INP_MSK_OK
 2151:0DB9       _INP_MSK_OK_L
 2151:0DBB       _OUT_VAR_c
 2151:0DBD       _inv_msk
 2151:0DDF       _int_fict_11
 2151:0DE1       _p_ik
 2151:0E2D       _msk_ik
 2151:0E53       _fict_npn
 2151:0E55       _num_pnt
 2151:0E95       _INP_7188
 2151:0E97       _do1_t
 2151:0E99       _do2_t
 2151:0E9B       _K_mul_F
 2151:0E9F       _T_Ref
 2151:0EA3       _D_ref
 2151:0EA7       _V_ref
 2151:0EAB       _flag_AD
 2151:0EAD       _Dens_AD
 2151:0EB1       _Temp_AD
 2151:0EB5       _Dens_a
 2151:0EB9       _Temp_a
 2151:0EBD       _FctBern
 2151:0EC1       _R_MVD
 2151:0EC5       _ff_serv_N
 2151:0EC9       _s_MVD
 2151:1222       _EchoComN
 2151:1224       _seg
 2151:1226       _offset
 2151:1228       _AddrHost
 2151:122A       _ComPortHost
 2151:122C       _BaudHost
 2151:1230       _ComPortEcho
 2151:1232       _CRC_flag_Echo
 2151:1234       _OUT_VAR
 2151:1236       _INP_VAR
 2151:1238       _flag_echo_host
 2151:123A       _flag_Deb
 2151:123C       _flag_host_send
 2151:123E       _msk_int
 2151:1260       _cost_v
 2151:1264       _amount_f
 2151:1268       _volume_f
 2151:126C       _vol_f
 2151:1270       _summ_v
 2151:1274       _list_pt
 2151:127C       _adr_strt
 2151:1280       _Host
 2151:12C4       _Host_Rqst
 2151:1368       _Host_Rqst_rtu
 2151:140C       _Host_Rqst_sk
 2151:14B0       _WDOG
 2151:1538       _WDOG_Rqst
 2151:1680       _host_wd_sw
 2151:168A       _ff_putch
 2151:169E       _intrpr
 2151:17A8       _par1
 2151:17AC       _par2
 2151:17B0       _par3
 2151:17B4       _par4
 2151:17B8       _ds_par
 2151:17F0       _ds_zp
 2151:180C       _ds_pass
 2151:181A       _p_mem
 2151:181E       _mem_ptr
 2151:1822       _ds_dm
 2151:1830       _ds_scan
 2151:1868       _ds_mko
 2151:1884       _ds_mks
 2151:18A0       _ds_mki
 2151:18BC       _ds_hm
 2151:193A       _ds_at
 2151:198E       _ds_al
 2151:19E2       _ds_off
 2151:1A60       _ds_str
 2151:1A98       _nn_rsv
 2151:1A9A       _ds_gn
 2151:1AE0       _ds_PMP
 2151:1B88       _ds_PMPa
 2151:1BB2       _ds_PMPo
 2151:1C06       _sk_reg_n
 2151:1C0A       _sk_reg_q
 2151:1C0E       _mvd_reg_n
 2151:1C12       _mvd_reg_q
 2151:1C16       _ds_rmvd
 2151:1C32       _wmvd_reg_v
 2151:1C36       _ds_wmvd
 2151:1C52       _ds_wmvds
 2151:1C7C       _fl_id
 2151:1C80       _fl_id1
 2151:1C84       _chr_id
 2151:1C98       _ds_bid
 2151:1CC2       _ds_id
 2151:1CD0       _wmf_v
 2151:1CD4       _ds_wmvf
 2151:1CF0       _ds_de
 2151:1DD0       _ds_ioch
 2151:1DEC       _ds_io
 2151:1E16       _dsc_tmp
 2151:1E1A       _offs_cor
 2151:1E1E       _fct_offs
 2151:1E22       _fct_delay
 2151:1E26       _ds_fle
 2151:1E34       _ds_pda
 2151:1E50       _ds_flch
 2151:1ECE       _n_lst
 2151:1ED0       _ds_pdl
 2151:1EDE       _ds_pdda
 2151:1EEC       _d_lst
 2151:1EEE       _ds_pddl
 2151:1EFC       _tt_sec
 2151:1EFE       _tt_min
 2151:1F00       _tt_hour
 2151:1F02       _tt_day
 2151:1F04       _tt_month
 2151:1F06       _tt_year
 2151:1F08       _ds_pddp
 2151:1F6A       _ds_pdn
 2151:1F78       _ds_br
 2151:1FB0       _ds_cp
 2151:1FE8       _ds_trtu
 2151:2020       _ds_sct
 2151:2058       _cm_baud
 2151:205C       _ds_cm
 2151:2094       _ds_dev
 2151:20E8       _baud
 2151:20EC       _ds_mod
 2151:2124       _ds_dnm
 2151:214E       _ds_dtc
 2151:216A       _ds_lim
 2151:2266       _ds_wins
 2151:2274       _ds_com
 2151:2282       _ds_echo
 2151:229E       _fl_wr_eee
 2151:22A0       _ds_fls
 2151:22CA       _ds_slv
 2151:2310       _ds_fls2
 2151:232C       _ds_slv2
 2151:2356       _ds_fls3
 2151:2372       _ds_slv3
 2151:239C       _i_nn_d
 2151:23A0       _fl_trace
 2151:23A2       _i_nn
 2151:23A6       _dim_xyz
 2151:23A8       _fl_trace_loop
 2151:23AA       _uk_buf
 2151:23AC       _uk_ns
 2151:23C0       _f_ns
 2151:23CA       _cnt_after
 2151:23CC       _ns_fictf
 2151:23D0       _ns_fict
 2151:23D4       _list_ns
 2151:23E8       _list_ns_type
 2151:23F2       _i_num_var
 2151:23F4       _ds_ivar
 2151:2402       _f_num_var
 2151:2404       _ds_fvar
 2151:2412       _v_num_var
 2151:2414       _ds_var
 2151:2430       _ds_ag
 2151:2492       _ds_agp
 2151:24AE       _ds_ns
 2151:251E       _licp_sw
 2151:2520       _flag_print_licp
 2151:2522       _licp_port
 2151:2524       _ToutLicpScan
 2151:2526       _licp_amax
 2151:2528       _licp_crc_flag
 2151:252A       _licp_t_conf
 2151:252C       _ICP_mod_fnd
 2151:2536       _LICP_Rqst
 2151:25DA       _LICP_Rqst_RTU
 2151:267E       _bas_1
 2151:2682       _n_id
 2151:2686       _f_res_id
 2151:268A       _id_ok
 2151:268C       _list_mnu
 2151:2698       _flag_en_er
 2151:269A       _eee_num
 2151:269C       _ee_lgth_byte
 2151:269E       _fict_ftmp
 2151:26A2       _fict_itmp
 2151:26A4       _fict_sv
 2151:26A6       _fict_int1
 2151:26A8       _flag_Hst
 2151:26AA       _EE_Dat
 2151:2DB2       _ee_members
 2151:3A7A       _ftmp_DP
 2151:3A7E       _mode_hst
 2151:3A80       _Tank_nn
 2151:3A82       _fl_bl_out
 2151:3A84       _MassStamp
 2151:3A88       _VolStamp
 2151:3A8C       _fl_zeroing
 2151:3A90       _s_empty
 2151:3AAF       _str_ESC
 2151:3ABC       _PageD
 2151:3ABE       _flg_ch
 2151:3AC0       _Flag_f_corr
 2151:3AC2       _flag_mass
 2151:3AC4       _pass_ret
 2151:3AC6       _k_v_flow
 2151:3ACA       _k_m_flow
 2151:3ACE       _pass1
 2151:3AD2       _pass2
 2151:3AD6       _Flag_bot
 2151:3AD8       _ctr_msk
 2151:3AF8       _un_mmi1
 2151:3AFA       _un_mmi2
 2151:3AFC       _un_mmi3
 2151:3AFE       _list_un_mmi
 2151:3B1A       _CRC_err
 2151:3B1C       _mode_prn
 2151:3B1E       _rcv_mm
 2151:3B26       _Rcv_mm
 2151:3B2E       _list1_dsr
 2151:3C6E       _mmi_point
 2151:3C6F       _mmi_prm
 2151:3C71       _mmi_flag
 2151:3C73       _num_page
 2151:3C75       _sw_mmi
 2151:3C77       _mmi_str
 2151:3C79       _mmi_com
 2151:3C7B       _flag_chg
 2151:3C7D       _nn_chg
 2151:3C7F       _max_par
 2151:3C81       _ds_list
 2151:3C85       _Password
 2151:3C89       _PassW
 2151:3C8D       _k_ext
 2151:3C8F       _k_ext1
 2151:3C91       _chg_nn_par
 2151:3C95       _chg_old
 2151:3C99       _chg_new
 2151:3C9D       _n_adc_mm
 2151:3C9F       _time_bot
 2151:3CA3       _Bot_time
 2151:3CA7       _flag_Slv_1
 2151:3CA9       _flag_Hst_1
 2151:3CAB       _byte_timout_rtu
 2151:3CBF       _table_crc_hi
 2151:3DBF       _table_crc_lo
 2151:3EBF       _vBIG_P
 2151:3EC3       _flash_seg
 2151:3EC5       _flash_offset
 2151:3EC7       _tim_000
 2151:3ECD       _rcv_m
 2151:3ED5       _Rcv_m
 2151:3EDD       _retl_seg
 2151:3EDF       _ahour00
 2151:3EE5       _adate00
 2151:3EEB       _mhour00
 2151:3EFD       _mdat0
 2151:3F0F       _mdat
 2151:3F21       _s_mode
 2151:3F23       _d_fl_seg
 2151:3F25       _d_fl_offs
 2151:3F27       _waterTank
 2151:3F29       _TankN
 2151:3F2B       _ff_Slv
 2151:3F2F       _CMD_REG
 2151:3F31       _flag_Slv
 2151:3F33       _n_res_a
 2151:3F35       _n_GRK_a
 2151:3F37       _ComPortSlv
 2151:3F39       _AddrSlv
 2151:3F3B       _cod_float
 2151:3F3D       _State_SLV
 2151:3F3F       _Last_evt
 2151:3F41       _sw_mmi_slv
 2151:3F43       _sw_dlv_slv
 2151:3F45       _WD_PMP_flag
 2151:3F47       _WD_PMP_Fl
 2151:3F49       _WD_PMP_time
 2151:3F4D       _WD_PMP_t1
 2151:3F51       _WD_PMP_Per
 2151:3F55       _Slv_fict
 2151:3F57       _Slv_fict1
 2151:3F59       _Slv_fict2
 2151:3F5B       _Slv_fict3
 2151:3F5D       _Slv_fict4
 2151:3F5F       _flag_slvrtu
 2151:3F61       _fl_slv_out
 2151:3F63       _byte_timout_slv
 2151:3F67       _out_delay_slv
 2151:3F6B       _list_Slv_int
 2151:3FB7       _n_sl_int
 2151:3FB9       _n_sl_int1
 2151:3FBB       _list_Slv_flt
 2151:40DF       _Com_Baud_Slave
 2151:40E3       _long_slv
 2151:40E7       _list_Slv_lng
 2151:40F3       _n_sl_lng
 2151:40F5       _n_sl_lng1
 2151:40F7       _n_sl_flt
 2151:40F9       _n_sl_flt1
 2151:40FB       _n_sl_flt0
 2151:40FD       _Slv_int
 2151:4125       _Slv_float
 2151:4175       _Slv_lng
 2151:419D       _ComBaudSlv
 2151:41A1       _Com_lgthSlv
 2151:41A3       _Com_paritySlv
 2151:41A5       _Com_stopSlv
 2151:41A7       _uk_beg_Slv
 2151:41A9       _uk_fin_Slv
 2151:41AB       _nn_comb
 2151:41AD       _n_max_rcv
 2151:41AF       _CMD_IN
 2151:41B1       _i_LVL
 2151:41B3       _ii_LVL
 2151:41C5       _LIn_val
 2151:41C9       _FlagNewDT
 2151:41CB       _Tank1F
 2151:41CD       _New_Dens1
 2151:41D1       _New_Temp1
 2151:41D5       _New_Dens2
 2151:41D9       _New_Temp2
 2151:41DD       _New_Dens3
 2151:41E1       _New_Temp3
 2151:41E5       _New_Dens1c
 2151:41E9       _New_Temp1c
 2151:41ED       _New_Dens2c
 2151:41F1       _New_Temp2c
 2151:41F5       _New_Dens3c
 2151:41F9       _New_Temp3c
 2151:41FD       _Vol_kd
 2151:4201       _Mass_kd
 2151:4205       _Press1
 2151:4209       _Press2
 2151:420D       _Temp1
 2151:4211       _Temp2
 2151:4215       _Press3
 2151:4219       _Temp3
 2151:421D       _CMD_OUT
 2151:421F       _CMD_OUT_p
 2151:4221       _Flag_rd_cmd
 2151:4223       _Reg_State
 2151:4225       _Reg_err
 2151:4227       _OUT_VAR2
 2151:4229       _INP_VAR2
 2151:422B       _CMD_OUT2
 2151:422D       _Reg_State2
 2151:422F       _Reg_err2
 2151:4231       _ff_Slv2
 2151:4235       _flag_Slv2
 2151:4237       _ComPortSlv2
 2151:4239       _AddrSlv2
 2151:423B       _ComBaudSlv2
 2151:423F       _Com_lgthSlv2
 2151:4241       _Com_paritySlv2
 2151:4243       _Com_stopSlv2
 2151:4245       _flag_Slv3
 2151:4247       _ComPortSlv3
 2151:4249       _AddrSlv3
 2151:424B       _ComBaudSlv3
 2151:424F       _Com_lgthSlv3
 2151:4251       _Com_paritySlv3
 2151:4253       _Com_stopSlv3
 2151:4255       _State_SLV2
 2151:4257       _WD_PMP2_flag
 2151:4259       _WD_PMP2_Fl
 2151:425B       _WD_PMP2_time
 2151:425F       _WD_PMP2_t1
 2151:4263       _WD_PMP2_Per
 2151:4267       _list_Slv2_int
 2151:42CB       _n_sl2_int
 2151:42CD       _n_sl2_int1
 2151:42CF       _list_Slv2_flt
 2151:434F       _Com_Baud_Slave2
 2151:4353       _Com_Baud_Slave3
 2151:4357       _list_Slv2_lng
 2151:4363       _n_sl2_lng
 2151:4365       _n_sl2_lng1
 2151:4367       _n_sl2_flt
 2151:4369       _n_sl2_flt1
 2151:436B       _n_sl2_flt0
 2151:436D       _Slv2_int
 2151:4395       _Slv2_float
 2151:43E5       _Slv2_lng
 2151:440D       _PMP_sw
 2151:440F       _RQ2
 2151:4411       _Slv2_Slot1
 2151:4489       _Slv2_slt1_lgth
 2151:448B       _Slv2_slt1_max
 2151:448D       _Slv2_Short
 2151:44B7       _Slv2_short_lgth
 2151:44B9       _Slv2_short_max
 2151:44BB       _Slv2_Slot2
 2151:4503       _Slv2_slt2_lgth
 2151:4505       _Slv2_slt2_max
 2151:4507       _Dns1
 2151:450B       _TTmp1
 2151:450F       _Dns2
 2151:4513       _TTmp2
 2151:4517       _Dns3
 2151:451B       _TTmp3
 2151:451F       _Slv2_Slot3
 2151:4561       _Slv2_slt3_lgth
 2151:4563       _Slv2_slt3_max
 2151:4565       _Slv2_Slot4
 2151:45A1       _Slv2_slt4_lgth
 2151:45A3       _Slv2_slt4_max
 2151:45A5       _Slv2_Slot5
 2151:45E1       _Slv2_slt5_lgth
 2151:45E3       _Slv2_slt5_max
 2151:45E5       _Slv2_Slot6
 2151:4633       _Slv2_slt6_lgth
 2151:4635       _Slv2_slt6_max
 2151:4637       _n_max_rcv2
 2151:4639       _MassTotal
 2151:463D       _VolTotal
 2151:4641       _DenTotal
 2151:4645       _TempTotal
 2151:4649       _MassGRK
 2151:464D       _VolGRK
 2151:4651       _Compos_rcv
 2151:4655       _PermPlus
 2151:4659       _PermMinus
 2151:465D       _t20c
 2151:4661       _v_Proc
 2151:4665       _flag_20C
 2151:4667       _Temp_kor
 2151:466B       _Comp_kor
 2151:466F       _M_Etan
 2151:4673       _M_Propan
 2151:4677       _M_Butan
 2151:467B       _Density
 2151:467F       _Temperature
 2151:4683       _Temperature1
 2151:4687       _Composition
 2151:468B       _ComposMass
 2151:468F       _ComposMol
 2151:4693       _CompG
 2151:4697       _PropLiq
 2151:46F3       _ButLiq
 2151:474F       _ButILiq
 2151:47AB       _EtanGas
 2151:4807       _PropGas
 2151:4863       _ButGas
 2151:48BF       _ButIGas
 2151:491B       _EtanP
 2151:4977       _PropanP
 2151:49D3       _ButanP
 2151:4A2F       _ButanIP
 2151:4A8B       _TCT_T1
 2151:4A8F       _TCT_T2
 2151:4A93       _TCT_T3
 2151:4A97       _TCT_T4
 2151:4A9B       _TCT_T5
 2151:4A9F       _TCT_T6
 2151:4AA3       _TCT_T7
 2151:4AA7       _TCT_T8
 2151:4AAB       _TCT_T9
 2151:4AAF       _proc10
 2151:4AB3       _proc90
 2151:4AB7       _prc10
 2151:4ADB       _prc90
 2151:4AFF       _num_out1
 2151:4B01       _num_out2
 2151:4B03       _TCT_ARR
 2151:4B27       _n_TCT
 2151:4B39       _alpha_LVL
 2151:4B5D       _alpha_Tank
 2151:4B81       _T0_LVL
 2151:4BA5       _T0_Tank
 2151:4BC9       _H_Cyl_M
 2151:4BED       _Beg_tct
 2151:4BFF       _Sect_tct
 2151:4C11       _lvl_mm
 2151:4C15       _flag_maxV
 2151:4C27       _Vol_max
 2151:4C4B       _Vol_10
 2151:4C6F       _Vol_90
 2151:4C93       _val_Temp
 2151:4CB7       _val_Press
 2151:4CDB       _lvl_rab
 2151:4CDF       _Fl_ch_mm
 2151:4CF1       _State_PMP
 2151:4D05       _PMP_ADDR
 2151:4D29       _Lvl_offs
 2151:4D4D       _s_PMP
 2151:4F45       _PMP
 2151:51A9       _PMP_Rqst
 2151:576D       _PMP_inp_err
 2151:577F       _buf_tmp11
 2151:7C0C       _ShowData
 2151:7C20       _MaxDay
 2151:7C38       _TimeTicks
 2151:7C3C       _ResetMode
 2151:7C40       _IntVect
 2151:7C44       _SystemSerialNumber
 2151:7C48       ____OsType__
 2151:7C4C       _Unit_ms
 2151:7C4E       _Unit_ms1
 2151:7C50       _Unit_ms2
 2151:7C52       _bNeedSetSpeed
 2151:7C54       ___BaudDiv__
 2151:7C58       __CpuSpeed
 2151:7C5A       _STD_PORT
 2151:7C5E       _EE_ClockHighLow
 2151:7C62       _EE1_RandomRead
 2151:7C66       _EE1_ReadNext
 2151:7C6A       _EE1_MultiRead
 2151:7C6E       _EE1_RandomWrite
 2151:7C72       _EE1_MultiWrite
 2151:7C76       _WaitAckCount
 2151:7C78       _EE_Err
 2151:7C7A       _bWrite
 2151:7C7C       _EepType
 2151:7C7E       _EepBlockOffset
 2151:7C80       _EepAddrOffset
 2151:7C82       _ProtectMode
 2151:7C84       _fCheck
 2151:7C86       _StartSector
 2151:7C88       _FlashId
 2151:7C8A       _FlashSize
 2151:7C8C       _SectorSize256
 2151:7C98       _SectorSize512
 2151:7CB8       _InstallCom_
 2151:7CD8       _ToComBufn_
 2151:7CF8       _RestoreCom_
 2151:7D18       _IsCom_
 2151:7D38       _ReadCom_
 2151:7D58       _SetBaudrate_
 2151:7D78       _SetDataFormat_
 2151:7D98       _ToCom_
 2151:7DB8       _IsTxBufEmpty_
 2151:7DD8       _TriggerLevel
 2151:7DE6       _WaitTransmitOver_
 2151:7E06       __Modify_Data
 2151:7E16       __Stop2_3
 2151:7E1E       _In7188Buf_3
 2151:7E22       _Out7188Buf_3
 2151:7E26       _InBufSize_3
 2151:7E28       _OutBufSize_3
 2151:7E2A       _InBeginIdx_3
 2151:7E2C       _InEndIdx_3
 2151:7E2E       _OutBeginIdx_3
 2151:7E30       _OutEndIdx_3
 2151:7E32       _SizeToXoff_3
 2151:7E34       _SizeToXon_3
 2151:7E36       _ReceiveXoff_3
 2151:7E37       _NeedXoff_3
 2151:7E38       _SendXoff_3
 2151:7E39       _bUseXonXoff_3
 2151:7E3A       _err_3
 2151:7E3B       _UseDMA_3
 2151:7E3D       _OldVectA
 2151:7E41       _ComData7_3
 2151:7E43       _Rcnt_3
 2151:7E47       _LossCnt__3
 2151:7E4B       _LossCnt_1_3
 2151:7E4F       _LossCnt_2_3
 2151:7E53       _status1_3
 2151:7E59       _bGetBreak_3
 2151:7E5E       __Stop2_4
 2151:7E66       _In7188Buf_4
 2151:7E6A       _Out7188Buf_4
 2151:7E6E       _InBufSize_4
 2151:7E70       _OutBufSize_4
 2151:7E72       _InBeginIdx_4
 2151:7E74       _InEndIdx_4
 2151:7E76       _OutBeginIdx_4
 2151:7E78       _OutEndIdx_4
 2151:7E7A       _SizeToXoff_4
 2151:7E7C       _SizeToXon_4
 2151:7E7E       _ReceiveXoff_4
 2151:7E7F       _NeedXoff_4
 2151:7E80       _SendXoff_4
 2151:7E81       _bUseXonXoff_4
 2151:7E82       _err_4
 2151:7E83       _UseDMA_4
 2151:7E85       _OldVectB
 2151:7E89       _ComData7_4
 2151:7E8B       _Rcnt_4
 2151:7E8F       _LossCnt_0_4
 2151:7E93       _LossCnt_1_4
 2151:7E97       _LossCnt_2_4
 2151:7E9B       _status1_4
 2151:7EA1       _bGetBreak_4
 2151:7EA8       _ComBase_1
 2151:7EAA       _InInIdx_1
 2151:7EAC       _InOutIdx_1
 2151:7EAE       _ComErr_1
 2151:7EAF       _InData_1
 2151:7EB3       _OutData_1
 2151:7EB7       _InBufSize_1
 2151:7EB9       _OutBufSize_1
 2151:7EBB       _OutInIdx_1
 2151:7EBD       _OutOutIdx_1
 2151:7EBF       _fCtsControlMode_1
 2151:7EC1       _fRtsControlMode_1
 2151:7EC3       _CurCTS_1
 2151:7EC5       _CurRTS_1
 2151:7EC7       _bCtsChanged_1
 2151:7EC9       _SizeToXoff_1
 2151:7ECB       _SizeToXon_1
 2151:7ECD       _ReceiveXoff_1
 2151:7ECE       _NeedXoff_1
 2151:7ECF       _SendXoff_1
 2151:7ED0       _bUseXonXoff_1
 2151:7ED1       _ComFcr_1
 2151:7ED2       _DoInputData_1
 2151:7ED6       _ComInCount_1
 2151:7EDA       _ComOutCount_1
 2151:7EDE       _bGetBreak_1
 2151:7EE4       _bMsrChanged_1
 2151:7EE6       _LsrError_1
 2151:7EEA       _ComBase_2
 2151:7EEC       _InInIdx_2
 2151:7EEE       _InOutIdx_2
 2151:7EF0       _ComErr_2
 2151:7EF1       _InData_2
 2151:7EF5       _OutData_2
 2151:7EF9       _InBufSize_2
 2151:7EFB       _OutBufSize_2
 2151:7EFD       _OutInIdx_2
 2151:7EFF       _OutOutIdx_2
 2151:7F01       _ComFcr_2
 2151:7F02       _DoInputData_2
 2151:7F06       _ComInCount_2
 2151:7F0A       _ComOutCount_2
 2151:7F0E       _bGetBreak_2
 2151:7F14       _bMsrChanged
 2151:7F16       _LsrError_2
 2151:7F1A       _ComBase_5
 2151:7F1C       _InInIdx_5
 2151:7F1E       _InOutIdx_5
 2151:7F20       _ComErr_5
 2151:7F21       _InData_5
 2151:7F25       _OutData_5
 2151:7F29       _InBufSize_5
 2151:7F2B       _OutBufSize_5
 2151:7F2D       _OutInIdx_5
 2151:7F2F       _OutOutIdx_5
 2151:7F31       _fCtsControlMode_5
 2151:7F33       _fRtsControlMode_5
 2151:7F35       _CurCTS_5
 2151:7F37       _CurRTS_5
 2151:7F39       _bCtsChanged_5
 2151:7F3B       _SizeToXoff_5
 2151:7F3D       _SizeToXon_5
 2151:7F3F       _ReceiveXoff_5
 2151:7F40       _NeedXoff_5
 2151:7F41       _SendXoff_5
 2151:7F42       _bUseXonXoff_5
 2151:7F43       _ComFcr_5
 2151:7F44       _DoInputData_5
 2151:7F48       _ComInCount_5
 2151:7F4C       _ComOutCount_5
 2151:7F50       _bGetBreak_5
 2151:7F56       _bMsrChanged_5
 2151:7F58       _LsrError_5
 2151:7F5C       _ComBase_6
 2151:7F5E       _InInIdx_6
 2151:7F60       _InOutIdx_6
 2151:7F62       _ComErr_6
 2151:7F63       _InData_6
 2151:7F67       _OutData_6
 2151:7F6B       _InBufSize_6
 2151:7F6D       _OutBufSize_6
 2151:7F6F       _OutInIdx_6
 2151:7F71       _OutOutIdx_6
 2151:7F73       _fCtsControlMode_6
 2151:7F75       _fRtsControlMode_6
 2151:7F77       _CurCTS_6
 2151:7F79       _CurRTS_6
 2151:7F7B       _bCtsChanged_6
 2151:7F7D       _SizeToXoff_6
 2151:7F7F       _SizeToXon_6
 2151:7F81       _ReceiveXoff_6
 2151:7F82       _NeedXoff_6
 2151:7F83       _SendXoff_6
 2151:7F84       _bUseXonXoff_6
 2151:7F85       _ComFcr_6
 2151:7F86       _DoInputData_6
 2151:7F8A       _ComInCount_6
 2151:7F8E       _ComOutCount_6
 2151:7F92       _bGetBreak_6
 2151:7F98       _bMsrChanged_6
 2151:7F9A       _LsrError_6
 2151:7F9E       _ComBase_7
 2151:7FA0       _InInIdx_7
 2151:7FA2       _InOutIdx_7
 2151:7FA4       _ComErr_7
 2151:7FA5       _InData_7
 2151:7FA9       _OutData_7
 2151:7FAD       _InBufSize_7
 2151:7FAF       _OutBufSize_7
 2151:7FB1       _OutInIdx_7
 2151:7FB3       _OutOutIdx_7
 2151:7FB5       _fCtsControlMode_7
 2151:7FB7       _fRtsControlMode_7
 2151:7FB9       _CurCTS_7
 2151:7FBB       _CurRTS_7
 2151:7FBD       _bCtsChanged_7
 2151:7FBF       _SizeToXoff_7
 2151:7FC1       _SizeToXon_7
 2151:7FC3       _ReceiveXoff_7
 2151:7FC4       _NeedXoff_7
 2151:7FC5       _SendXoff_7
 2151:7FC6       _bUseXonXoff_7
 2151:7FC7       _ComFcr_7
 2151:7FC8       _DoInputData_7
 2151:7FCC       _ComInCount_7
 2151:7FD0       _ComOutCount_7
 2151:7FD4       _bGetBreak_7
 2151:7FDA       _bMsrChanged_7
 2151:7FDC       _LsrError_7
 2151:7FDE       _hex_to_ascii
 2151:7FF0       __8087
 2151:8000       __protected
 2151:8001       __LDT
 2151:8004       __default87
 2151:8006       __huge_flt
 2151:800A       __huge_dble
 2151:8012       __huge_ldble
 2151:801C       __indefinite
 2151:8020       __tiny_ldble
 2151:815C       __atexitcnt
 2151:815E       __ctype
 2151:8260       __exitbuf
 2151:8264       __exitfopen
 2151:8268       __exitopen
 2151:826C       __streams
 2151:83FC       __nfile
 2151:83FE       __openfd
 2151:8426       __fpstklen
 2151:8428       __doserrno
 2151:842A       __dosErrorToSV
 2151:8504       __stklen
 2151:85A2       _environ
 2151:8782       __monthDay
 2151:879C       _tzname
 2151:87A4       _timezone
 2151:87A8       _daylight
 2151:87B6       __RealCvtVector
 2151:87BA       __ScanTodVector
 2151:87E4       _iv_msk
 2151:8806       _itmp7060
 2151:8808       _i7060it
 2151:8810       _str_tmp
 2151:8838       _fst_beg
 2151:883A       _BufferMmiPrintf
 2151:88BA       _mmikey
 2151:88FA       _Zone_par
 2151:89DA       _ScrBuf_c
 2151:8FAA       _ScrBuf
 2151:957A       _dd_time
 2151:957E       _i_empty
 2151:9580       _ltt4
 2151:9584       _ltt3
 2151:9588       _ltt2
 2151:958C       _ltt1
 2151:9590       _rltt4
 2151:9594       _rltt3
 2151:9598       _rltt2
 2151:959C       _rltt1
 2151:95A0       _itt4
 2151:95A2       _itt3
 2151:95A4       _itt2
 2151:95A6       _itt1
 2151:95A8       _ttt4
 2151:95AA       _i_ish
 2151:95AC       _en_bot
 2151:95CE       _i7060_outc
 2151:95D2       _i7060_inp
 2151:95D6       _i7060_out
 2151:95DA       _i7060_wdf
 2151:95DE       _i7060_inph
 2151:95E2       _i7060_inpl
 2151:95E6       _COM_que
 2151:987A       _ttt3_l
 2151:987E       _ttt2_l
 2151:9882       _ttt1_l
 2151:9886       _ttt3
 2151:9888       _ttt2
 2151:988A       _ttt1
 2151:988C       _fst_str
 2151:98AB       _MMI_str
 2151:98D3       _cb_COM
 2151:9CBC       _ee_tmp1
 2151:9CC0       _ee_tmp
 2151:9CC4       _ar_str0_
 2151:9CE6       _lng_chr
 2151:9CEA       _id_i3
 2151:9CEE       _ee_nn1
 2151:9CF2       _ee_nn
 2151:9CF6       _nn
 2151:9CF8       _addr0
 2151:9CFA       _FF_par
 2151:9CFC       _TT_par
 2151:9CFE       _timeout
 2151:9D00       _pool_time
 2151:9D02       _CRC_flag
 2151:9D04       _addr
 2151:9D06       _port
 2151:9D08       _status
 2151:9D0A       _cm_stop
 2151:9D0C       _cm_parity
 2151:9D0E       _cm_lgth
 2151:9D10       _pdn_tmp
 2151:9D12       _n_dnn
 2151:9D14       _n_end
 2151:9D16       _n_beg
 2151:9D18       _fle
 2151:9D1A       _mvd
 2151:9D1E       _str_mvd
 2151:9D46       _TempLiq
 2151:9D4A       _DensLiq
 2151:9D4E       _Wat_lvl
 2151:9D52       _Prod_lvl
 2151:9D56       _ttct2
 2151:9D5A       _ttct1
 2151:9D5E       _ul
 2151:9D62       _buf_eep
 2151:A564       _Eeprom_summ
 2151:A568       _buf_xyz
 2151:AD38       _Flash_ptr
 2151:AD3C       _licp_fnd
 2151:AD3E       _licp_addr
 2151:AD40       _ICP_MOD
 2151:B5D8       _buf_tmp
 2151:B6A0       _S1D
 2151:B6A6       _ii_ret
 2151:B6A8       _buf_tmpSR
 2151:B770       _retl_offs
 2151:B772       _retf_iii
 2151:B774       _retf_seg
 2151:B776       _ar_str
 2151:B798       _adate11
 2151:B79E       _pass_cnt
 2151:B7A0       _k_mv_tmp
 2151:B7A4       _zero_time
 2151:B7A8       _P_Etan
 2151:B7AC       _D_Etan
 2151:B7B0       _D_Etan100
 2151:B7B4       _TCT_sz
 2151:B7BC       _bf_Slv
 2151:B7C0       _ltime
 2151:B7C4       _ltime0
 2151:B7C8       _tVolI
 2151:B7CC       _tMassI
 2151:B8F8       _CurMsr_1
 2151:B8FA       _CurMsr
 2151:B910       _CurMsr_5
 2151:B91C       _CurMsr_6
 2151:B928       _CurMsr_7
 2151:B92A       __atexittbl
 2151:B9AA       ___SignalPtr
 2CF0:0000       __emu

Program entry point at 0000:0000

